Algorithm: Betweenness Centrality
Vertex Centrality
0 0.00
1 2.00
2 39.98
3 9992.00
4 9993.99
5 10061.96
6 19971.99
7 19973.99
8 20068.94
9 29939.99
10 29941.98
11 30061.92
12 39895.98
13 39897.96
14 40041.41
15 49839.96
16 49841.95
17 50007.69
18 59771.95
19 59773.93
20 59960.98
21 69691.93
22 69693.91
23 69901.41
24 79599.91
25 79601.89
26 79829.09
27 89495.89
28 89497.87
29 89744.11
30 99379.87
31 99381.84
32 99646.52
33 109251.84
34 109253.81
35 109536.39
36 119111.81
37 119113.78
38 119413.77
39 128959.78
40 128961.75
41 129278.68
42 138795.75
43 138797.71
44 139131.17
45 148619.71
46 148621.67
47 148971.26
48 158431.67
49 158433.63
50 158798.97
51 168231.63
52 168233.59
53 168614.33
54 178019.59
55 178021.54
56 178417.36
57 187795.54
58 187797.50
59 188208.08
60 197559.50
61 197561.45
62 197986.49
63 207311.45
64 207313.39
65 207752.62
66 217051.39
67 217053.34
68 217506.48
69 226779.34
70 226781.28
71 227248.08
72 236495.28
73 236497.22
74 236977.43
75 246199.22
76 246201.16
77 246694.55
78 255891.16
79 255893.09
80 256399.43
81 265571.09
82 265573.03
83 266092.09
84 275239.03
85 275240.96
86 275772.54
87 284894.96
88 284896.88
89 285440.78
90 294538.88
91 294540.81
92 295096.83
93 304170.81
94 304172.73
95 304740.68
96 313790.73
97 313792.65
98 314372.34
99 323398.65
100 323400.57
101 323991.83
102 332994.57
103 332996.49
104 333599.14
105 342578.49
106 342580.40
107 343194.28
108 352150.40
109 352152.31
110 352777.25
111 361710.31
112 361712.22
113 362348.06
114 371258.22
115 371260.13
116 371906.72
117 380794.13
118 380796.03
119 381453.22
120 390318.03
121 390319.94
122 390987.57
123 399829.94
124 399831.83
125 400509.78
126 409329.83
127 409331.73
128 410019.85
129 418817.73
130 418819.63
131 419517.78
132 428293.63
133 428295.52
134 429003.57
135 437757.52
136 437759.41
137 438477.23
138 447209.41
139 447211.29
140 447938.76
141 456649.29
142 456651.18
143 457388.17
144 466077.18
145 466079.06
146 466825.45
147 475493.06
148 475494.94
149 476250.61
150 484896.94
151 484898.82
152 485663.65
153 494288.82
154 494290.70
155 495064.57
156 503668.70
157 503670.57
158 504453.38
159 513036.57
160 513038.44
161 513830.08
162 522392.44
163 522394.31
164 523194.67
165 531736.31
166 531738.17
167 532547.15
168 541068.17
169 541070.04
170 541887.52
171 550388.04
172 550389.90
173 551215.79
174 559695.90
175 559697.76
176 560531.96
177 568991.76
178 568993.61
179 569836.02
180 578275.61
181 578277.47
182 579127.99
183 587547.47
184 587549.32
185 588407.86
186 596807.32
187 596809.17
188 597675.64
189 606055.17
190 606057.01
191 606931.32
192 615291.01
193 615292.86
194 616174.90
195 624514.86
196 624516.70
197 625406.40
198 633726.70
199 633728.54
200 634625.81
201 642926.54
202 642928.37
203 643833.13
204 652114.37
205 652116.21
206 653028.36
207 661290.21
208 661292.04
209 662211.50
210 670454.04
211 670455.87
212 671382.56
213 679605.87
214 679607.70
215 680541.54
216 688745.70
217 688747.52
218 689688.43
219 697873.52
220 697875.35
221 698823.25
222 706989.35
223 706991.17
224 707945.98
225 716093.17
226 716094.98
227 717056.63
228 725184.98
229 725186.80
230 726155.21
231 734264.80
232 734266.61
233 735241.71
234 743332.61
235 743334.42
236 744316.13
237 752388.42
238 752390.23
239 753378.48
240 761432.23
241 761434.04
242 762428.76
243 770464.04
244 770465.84
245 771466.96
246 779483.84
247 779485.64
248 780493.09
249 788491.64
250 788493.44
251 789507.15
252 797487.44
253 797489.24
254 798509.13
255 806471.24
256 806473.03
257 807499.05
258 815443.03
259 815444.82
260 816476.90
261 824402.82
262 824404.61
263 825442.68
264 833350.61
265 833352.40
266 834396.40
267 842286.40
268 842288.18
269 843338.04
270 851210.18
271 851211.96
272 852267.63
273 860121.96
274 860123.74
275 861185.14
276 869021.74
277 869023.52
278 870090.60
279 877909.52
280 877911.29
281 878983.99
282 886785.29
283 886787.06
284 887865.31
285 895649.06
286 895650.83
287 896734.58
288 904500.83
289 904502.60
290 905591.78
291 913340.60
292 913342.37
293 914436.92
294 922168.37
295 922170.13
296 923270.00
297 930984.13
298 930985.89
299 932091.02
300 939787.89
301 939789.65
302 940899.99
303 948579.65
304 948581.40
305 949696.89
306 957359.40
307 957361.16
308 958481.74
309 966127.16
310 966128.91
311 967254.53
312 974882.91
313 974884.65
314 976015.26
315 983626.65
316 983628.40
317 984763.94
318 992358.40
319 992360.14
320 993500.56
321 1001078.14
322 1001079.88
323 1002225.12
324 1009785.88
325 1009787.62
326 1010937.64
327 1018481.62
328 1018483.36
329 1019638.09
330 1027165.36
331 1027167.09
332 1028326.50
333 1035837.09
334 1035838.82
335 1037002.85
336 1044496.82
337 1044498.55
338 1045667.14
339 1053144.55
340 1053146.28
341 1054319.39
342 1061780.28
343 1061782.00
344 1062959.58
345 1070404.00
346 1070405.73
347 1071587.73
348 1079015.73
349 1079017.45
350 1080203.82
351 1087615.45
352 1087617.16
353 1088807.86
354 1096203.16
355 1096204.88
356 1097399.85
357 1104778.88
358 1104780.59
359 1105979.79
360 1113342.59
361 1113344.30
362 1114547.69
363 1121894.30
364 1121896.01
365 1123103.53
366 1130434.01
367 1130435.71
368 1131647.33
369 1138961.71
370 1138963.41
371 1140179.07
372 1147477.41
373 1147479.12
374 1148698.77
375 1155981.12
376 1155982.81
377 1157206.43
378 1164472.81
379 1164474.51
380 1165702.03
381 1172952.51
382 1172954.20
383 1174185.60
384 1181420.20
385 1181421.89
386 1182657.11
387 1189875.89
388 1189877.58
389 1191116.58
390 1198319.58
391 1198321.27
392 1199564.00
393 1206751.27
394 1206752.95
395 1207999.38
396 1215170.95
397 1215172.63
398 1216422.72
399 1223578.63
400 1223580.31
401 1224834.00
402 1231974.31
403 1231975.99
404 1233233.25
405 1240357.99
406 1240359.66
407 1241620.45
408 1248729.66
409 1248731.33
410 1249995.61
411 1257089.33
412 1257091.00
413 1258358.73
414 1265437.00
415 1265438.67
416 1266709.80
417 1273772.67
418 1273774.33
419 1275048.83
420 1282096.33
421 1282097.99
422 1283375.82
423 1290407.99
424 1290409.65
425 1291690.77
426 1298707.65
427 1298709.31
428 1299993.68
429 1306995.31
430 1306996.96
431 1308284.54
432 1315270.96
433 1315272.62
434 1316563.37
435 1323534.62
436 1323536.27
437 1324830.15
438 1331786.27
439 1331787.91
440 1333084.89
441 1340025.91
442 1340027.56
443 1341327.60
444 1348253.56
445 1348255.20
446 1349558.26
447 1356469.20
448 1356470.84
449 1357776.89
450 1364672.84
451 1364674.48
452 1365983.47
453 1372864.48
454 1372866.12
455 1374178.02
456 1381044.12
457 1381045.75
458 1382360.53
459 1389211.75
460 1389213.38
461 1390531.00
462 1397367.38
463 1397369.01
464 1398689.43
465 1405511.01
466 1405512.63
467 1406835.82
468 1413642.63
469 1413644.26
470 1414970.18
471 1421762.26
472 1421763.88
473 1423092.50
474 1429869.88
475 1429871.50
476 1431202.78
477 1437965.50
478 1437967.11
479 1439301.02
480 1446049.11
481 1446050.73
482 1447387.23
483 1454120.73
484 1454122.34
485 1455461.40
486 1462180.34
487 1462181.95
488 1463523.53
489 1470227.95
490 1470229.55
491 1471573.63
492 1478263.55
493 1478265.16
494 1479611.70
495 1486287.16
496 1486288.76
497 1487637.72
498 1494298.76
499 1494300.36
500 1495651.72
501 1502298.36
502 1502299.96
503 1503653.67
504 1510285.96
505 1510287.55
506 1511643.60
507 1518261.55
508 1518263.14
509 1519621.48
510 1526225.14
511 1526226.73
512 1527587.34
513 1534176.73
514 1534178.32
515 1535541.16
516 1542116.32
517 1542117.91
518 1543482.94
519 1550043.91
520 1550045.49
521 1551412.69
522 1557959.49
523 1557961.07
524 1559330.41
525 1565863.07
526 1565864.65
527 1567236.09
528 1573754.65
529 1573756.22
530 1575129.74
531 1581634.22
532 1581635.80
533 1583011.36
534 1589501.80
535 1589503.37
536 1590880.94
537 1597357.37
538 1597358.94
539 1598738.49
540 1605200.94
541 1605202.50
542 1606584.01
543 1613032.50
544 1613034.06
545 1614417.50
546 1620852.06
547 1620853.63
548 1622238.95
549 1628659.63
550 1628661.18
551 1630048.38
552 1636455.18
553 1636456.74
554 1637845.77
555 1644238.74
556 1644240.29
557 1645631.12
558 1652010.29
559 1652011.85
560 1653404.45
561 1659769.85
562 1659771.40
563 1661165.75
564 1667517.40
565 1667518.94
566 1668915.01
567 1675252.94
568 1675254.49
569 1676652.25
570 1682976.49
571 1682978.03
572 1684377.45
573 1690688.03
574 1690689.57
575 1692090.62
576 1698387.57
577 1698389.11
578 1699791.76
579 1706075.11
580 1706076.64
581 1707480.87
582 1713750.64
583 1713752.17
584 1715157.95
585 1721414.17
586 1721415.70
587 1722823.00
588 1729065.70
589 1729067.23
590 1730476.03
591 1736705.23
592 1736706.76
593 1738117.02
594 1744332.76
595 1744334.28
596 1745745.98
597 1751948.28
598 1751949.80
599 1753362.91
600 1759551.80
601 1759553.32
602 1760967.81
603 1767143.32
604 1767144.83
605 1768560.69
606 1774722.83
607 1774724.35
608 1776141.53
609 1782290.35
610 1782291.86
611 1783710.35
612 1789845.86
613 1789847.36
614 1791267.14
615 1797389.36
616 1797390.87
617 1798811.89
618 1804920.87
619 1804922.37
620 1806344.62
621 1812440.37
622 1812441.88
623 1813865.33
624 1819947.88
625 1819949.37
626 1821374.00
627 1827443.37
628 1827444.87
629 1828870.65
630 1834926.87
631 1834928.36
632 1836355.26
633 1842398.36
634 1842399.86
635 1843827.85
636 1849857.86
637 1849859.35
638 1851288.42
639 1857305.35
640 1857306.83
641 1858736.95
642 1864740.83
643 1864742.32
644 1866173.46
645 1872164.32
646 1872165.80
647 1873597.94
648 1879575.80
649 1879577.28
650 1881010.39
651 1886975.28
652 1886976.76
653 1888410.82
654 1894362.76
655 1894364.23
656 1895799.22
657 1901738.23
658 1901739.70
659 1903175.59
660 1909101.70
661 1909103.17
662 1910539.94
663 1916453.17
664 1916454.64
665 1917892.26
666 1923792.64
667 1923794.11
668 1925232.55
669 1931120.11
670 1931121.57
671 1932560.82
672 1938435.57
673 1938437.03
674 1939877.06
675 1945739.03
676 1945740.49
677 1947181.27
678 1953030.49
679 1953031.94
680 1954473.46
681 1960309.94
682 1960311.40
683 1961753.62
684 1967577.40
685 1967578.85
686 1969021.76
687 1974832.85
688 1974834.29
689 1976277.87
690 1982076.29
691 1982077.74
692 1983521.96
693 1989307.74
694 1989309.18
695 1990754.02
696 1996527.18
697 1996528.63
698 1997974.05
699 2003734.63
700 2003736.06
701 2005182.06
702 2010930.06
703 2010931.50
704 2012378.05
705 2018113.50
706 2018114.94
707 2019562.01
708 2025284.94
709 2025286.37
710 2026733.95
711 2032444.37
712 2032445.80
713 2033893.86
714 2039591.80
715 2039593.22
716 2041041.74
717 2046727.22
718 2046728.65
719 2048177.61
720 2053850.65
721 2053852.07
722 2055301.44
723 2060962.07
724 2060963.49
725 2062413.26
726 2068061.49
727 2068062.91
728 2069513.04
729 2075148.91
730 2075150.32
731 2076600.81
732 2082224.32
733 2082225.73
734 2083676.55
735 2089287.73
736 2089289.14
737 2090740.27
738 2096339.14
739 2096340.55
740 2097791.96
741 2103378.55
742 2103379.96
743 2104831.63
744 2110405.96
745 2110407.36
746 2111859.28
747 2117421.36
748 2117422.76
749 2118874.90
750 2124424.76
751 2124426.16
752 2125878.50
753 2131416.16
754 2131417.55
755 2132870.07
756 2138395.55
757 2138396.95
758 2139849.62
759 2145362.95
760 2145364.34
761 2146817.15
762 2152318.34
763 2152319.73
764 2153772.66
765 2159261.73
766 2159263.11
767 2160716.14
768 2166193.11
769 2166194.50
770 2167647.60
771 2173112.50
772 2173113.88
773 2174567.04
774 2180019.88
775 2180021.26
776 2181474.45
777 2186915.26
778 2186916.63
779 2188369.85
780 2193798.63
781 2193800.01
782 2195253.21
783 2200670.01
784 2200671.38
785 2202124.56
786 2207529.38
787 2207530.75
788 2208983.89
789 2214376.75
790 2214378.12
791 2215831.19
792 2221212.12
793 2221213.48
794 2222666.47
795 2228035.48
796 2228036.84
797 2229489.73
798 2234846.84
799 2234848.20
800 2236300.96
801 2241646.20
802 2241647.56
803 2243100.18
804 2248433.56
805 2248434.91
806 2249887.37
807 2255208.91
808 2255210.27
809 2256662.54
810 2261972.27
811 2261973.62
812 2263425.69
813 2268723.62
814 2268724.96
815 2270176.81
816 2275462.96
817 2275464.31
818 2276915.92
819 2282190.31
820 2282191.65
821 2283643.00
822 2288905.65
823 2288906.99
824 2290358.06
825 2295608.99
826 2295610.33
827 2297061.11
828 2302300.33
829 2302301.67
830 2303752.13
831 2308979.67
832 2308981.00
833 2310431.12
834 2315647.00
835 2315648.33
836 2317098.10
837 2322302.33
838 2322303.66
839 2323753.06
840 2328945.66
841 2328946.99
842 2330395.99
843 2335576.99
844 2335578.31
845 2337026.91
846 2342196.31
847 2342197.63
848 2343645.80
849 2348803.63
850 2348804.95
851 2350252.68
852 2355398.95
853 2355400.27
854 2356847.53
855 2361982.27
856 2361983.58
857 2363430.36
858 2368553.58
859 2368554.89
860 2370001.17
861 2375112.89
862 2375114.20
863 2376559.96
864 2381660.20
865 2381661.51
866 2383106.73
867 2388195.51
868 2388196.81
869 2389641.48
870 2394718.81
871 2394720.12
872 2396164.21
873 2401230.12
874 2401231.41
875 2402674.92
876 2407729.41
877 2407730.71
878 2409173.61
879 2414216.71
880 2414218.01
881 2415660.28
882 2420692.01
883 2420693.30
884 2422134.93
885 2427155.30
886 2427156.59
887 2428597.56
888 2433606.59
889 2433607.88
890 2435048.17
891 2440045.88
892 2440047.16
893 2441486.76
894 2446473.16
895 2446474.45
896 2447913.33
897 2452888.45
898 2452889.73
899 2454327.88
900 2459291.73
901 2459293.00
902 2460730.41
903 2465683.00
904 2465684.28
905 2467120.92
906 2472062.28
907 2472063.55
908 2473499.41
909 2478429.55
910 2478430.82
911 2479865.89
912 2484784.82
913 2484786.09
914 2486220.34
915 2491128.09
916 2491129.36
917 2492562.77
918 2497459.36
919 2497460.62
920 2498893.19
921 2503778.62
922 2503779.88
923 2505211.58
924 2510085.88
925 2510087.14
926 2511517.96
927 2516381.14
928 2516382.40
929 2517812.32
930 2522664.40
931 2522665.65
932 2524094.66
933 2528935.65
934 2528936.91
935 2530364.98
936 2535194.91
937 2535196.16
938 2536623.28
939 2541442.16
940 2541443.40
941 2542869.56
942 2547677.40
943 2547678.65
944 2549103.82
945 2553900.65
946 2553901.89
947 2555326.07
948 2560111.89
949 2560113.13
950 2561536.29
951 2566311.13
952 2566312.37
953 2567734.50
954 2572498.37
955 2572499.60
956 2573920.69
957 2578673.60
958 2578674.83
959 2580094.86
960 2584836.83
961 2584838.06
962 2586257.01
963 2590988.06
964 2590989.29
965 2592407.14
966 2597127.29
967 2597128.52
968 2598545.26
969 2603254.52
970 2603255.74
971 2604671.36
972 2609369.74
973 2609370.96
974 2610785.44
975 2615472.96
976 2615474.18
977 2616887.50
978 2621564.18
979 2621565.40
980 2622977.54
981 2627643.40
982 2627644.61
983 2629055.56
984 2633710.61
985 2633711.82
986 2635121.57
987 2639765.82
988 2639767.03
989 2641175.56
990 2645809.03
991 2645810.24
992 2647217.53
993 2651840.24
994 2651841.44
995 2653247.48
996 2657859.44
997 2657860.64
998 2659265.42
999 2663866.64
1000 2663867.84
1001 2665271.33
1002 2669861.84
1003 2669863.04
1004 2671265.23
1005 2675845.04
1006 2675846.23
1007 2677247.12
1008 2681816.23
1009 2681817.42
1010 2683216.98
1011 2687775.42
1012 2687776.61
1013 2689174.83
1014 2693722.61
1015 2693723.80
1016 2695120.66
1017 2699657.80
1018 2699658.98
1019 2701054.47
1020 2705580.98
1021 2705582.17
1022 2706976.26
1023 2711492.17
1024 2711493.35
1025 2712886.04
1026 2717391.35
1027 2717392.52
1028 2718783.80
1029 2723278.52
1030 2723279.70
1031 2724669.55
1032 2729153.70
1033 2729154.87
1034 2730543.27
1035 2735016.87
1036 2735018.04
1037 2736404.98
1038 2740868.04
1039 2740869.21
1040 2742254.67
1041 2746707.21
1042 2746708.37
1043 2748092.35
1044 2752534.37
1045 2752535.54
1046 2753918.00
1047 2758349.54
1048 2758350.70
1049 2759731.64
1050 2764152.70
1051 2764153.86
1052 2765533.27
1053 2769943.86
1054 2769945.01
1055 2771322.87
1056 2775723.01
1057 2775724.17
1058 2777100.46
1059 2781490.17
1060 2781491.32
1061 2782866.04
1062 2787245.32
1063 2787246.47
1064 2788619.59
1065 2792988.47
1066 2792989.61
1067 2794361.13
1068 2798719.61
1069 2798720.76
1070 2800090.66
1071 2804438.76
1072 2804439.90
1073 2805808.16
1074 2810145.90
1075 2810147.04
1076 2811513.65
1077 2815841.04
1078 2815842.17
1079 2817207.13
1080 2821524.17
1081 2821525.31
1082 2822888.58
1083 2827195.31
1084 2827196.44
1085 2828558.03
1086 2832854.44
1087 2832855.57
1088 2834215.45
1089 2838501.57
1090 2838502.70
1091 2839860.86
1092 2844136.70
1093 2844137.82
1094 2845494.25
1095 2849759.82
1096 2849760.94
1097 2851115.62
1098 2855370.94
1099 2855372.06
1100 2856724.98
1101 2860970.06
1102 2860971.18
1103 2862322.33
1104 2866557.18
1105 2866558.29
1106 2867907.65
1107 2872132.29
1108 2872133.41
1109 2873480.96
1110 2877695.41
1111 2877696.52
1112 2879042.26
1113 2883246.52
1114 2883247.63
1115 2884591.54
1116 2888785.63
1117 2888786.73
1118 2890128.80
1119 2894312.73
1120 2894313.83
1121 2895654.05
1122 2899827.83
1123 2899828.94
1124 2901167.28
1125 2905330.94
1126 2905332.03
1127 2906668.49
1128 2910822.03
1129 2910823.13
1130 2912157.69
1131 2916301.13
1132 2916302.22
1133 2917634.88
1134 2921768.22
1135 2921769.31
1136 2923100.05
1137 2927223.31
1138 2927224.40
1139 2928553.20
1140 2932666.40
1141 2932667.49
1142 2933994.33
1143 2938097.49
1144 2938098.57
1145 2939423.45
1146 2943516.57
1147 2943517.65
1148 2944840.56
1149 2948923.65
1150 2948924.73
1151 2950245.65
1152 2954318.73
1153 2954319.81
1154 2955638.72
1155 2959701.81
1156 2959702.88
1157 2961019.78
1158 2965072.88
1159 2965073.96
1160 2966388.83
1161 2970431.96
1162 2970433.03
1163 2971745.85
1164 2975779.03
1165 2975780.09
1166 2977090.87
1167 2981114.09
1168 2981115.16
1169 2982423.86
1170 2986437.16
1171 2986438.22
1172 2987744.85
1173 2991748.22
1174 2991749.28
1175 2993053.81
1176 2997047.28
1177 2997048.34
1178 2998350.76
1179 3002334.34
1180 3002335.39
1181 3003635.70
1182 3007609.39
1183 3007610.45
1184 3008908.62
1185 3012872.45
1186 3012873.50
1187 3014169.53
1188 3018123.50
1189 3018124.54
1190 3019418.42
1191 3023362.54
1192 3023363.59
1193 3024655.29
1194 3028589.59
1195 3028590.63
1196 3029880.16
1197 3033804.63
1198 3033805.67
1199 3035093.00
1200 3039007.67
1201 3039008.71
1202 3040293.83
1203 3044198.71
1204 3044199.75
1205 3045482.65
1206 3049377.75
1207 3049378.78
1208 3050659.45
1209 3054544.78
1210 3054545.81
1211 3055824.24
1212 3059699.81
1213 3059700.84
1214 3060977.01
1215 3064842.84
1216 3064843.87
1217 3066117.77
1218 3069973.87
1219 3069974.89
1220 3071246.51
1221 3075092.89
1222 3075093.91
1223 3076363.23
1224 3080199.91
1225 3080200.93
1226 3081467.95
1227 3085294.93
1228 3085295.95
1229 3086560.65
1230 3090377.95
1231 3090378.96
1232 3091641.33
1233 3095448.96
1234 3095449.98
1235 3096710.00
1236 3100507.98
1237 3100508.99
1238 3101766.65
1239 3105554.99
1240 3105555.99
1241 3106811.29
1242 3110589.99
1243 3110591.00
1244 3111843.92
1245 3115613.00
1246 3115614.00
1247 3116864.53
1248 3120624.00
1249 3120625.00
1250 3121873.12
1251 3125623.00
1252 3125624.00
1253 3126869.71
1254 3130610.00
1255 3130610.99
1256 3131854.27
1257 3135584.99
1258 3135585.99
1259 3136826.83
1260 3140547.99
1261 3140548.98
1262 3141787.37
1263 3145498.98
1264 3145499.96
1265 3146735.89
1266 3150437.96
1267 3150438.95
1268 3151672.40
1269 3155364.95
1270 3155365.93
1271 3156596.90
1272 3160279.93
1273 3160280.91
1274 3161509.38
1275 3165182.91
1276 3165183.89
1277 3166409.85
1278 3170073.89
1279 3170074.87
1280 3171298.30
1281 3174952.87
1282 3174953.84
1283 3176174.74
1284 3179819.84
1285 3179820.81
1286 3181039.17
1287 3184674.81
1288 3184675.78
1289 3185891.58
1290 3189517.78
1291 3189518.75
1292 3190731.98
1293 3194348.75
1294 3194349.71
1295 3195560.36
1296 3199167.71
1297 3199168.67
1298 3200376.73
1299 3203974.67
1300 3203975.63
1301 3205181.09
1302 3208769.63
1303 3208770.59
1304 3209973.43
1305 3213552.59
1306 3213553.54
1307 3214753.76
1308 3218323.54
1309 3218324.50
1310 3219522.07
1311 3223082.50
1312 3223083.45
1313 3224278.37
1314 3227829.45
1315 3227830.39
1316 3229022.66
1317 3232564.39
1318 3232565.34
1319 3233754.93
1320 3237287.34
1321 3237288.28
1322 3238475.19
1323 3241998.28
1324 3241999.22
1325 3243183.44
1326 3246697.22
1327 3246698.16
1328 3247879.67
1329 3251384.16
1330 3251385.09
1331 3252563.89
1332 3256059.09
1333 3256060.03
1334 3257236.09
1335 3260722.03
1336 3260722.96
1337 3261896.28
1338 3265372.96
1339 3265373.88
1340 3266544.46
1341 3270011.88
1342 3270012.81
1343 3271180.62
1344 3274638.81
1345 3274639.73
1346 3275804.77
1347 3279253.73
1348 3279254.65
1349 3280416.91
1350 3283856.65
1351 3283857.57
1352 3285017.03
1353 3288447.57
1354 3288448.49
1355 3289605.14
1356 3293026.49
1357 3293027.40
1358 3294181.24
1359 3297593.40
1360 3297594.31
1361 3298745.32
1362 3302148.31
1363 3302149.22
1364 3303297.39
1365 3306691.22
1366 3306692.13
1367 3307837.45
1368 3311222.13
1369 3311223.03
1370 3312365.49
1371 3315741.03
1372 3315741.94
1373 3316881.52
1374 3320247.94
1375 3320248.83
1376 3321385.54
1377 3324742.83
1378 3324743.73
1379 3325877.54
1380 3329225.73
1381 3329226.63
1382 3330357.53
1383 3333696.63
1384 3333697.52
1385 3334825.51
1386 3338155.52
1387 3338156.41
1388 3339281.47
1389 3342602.41
1390 3342603.29
1391 3343725.42
1392 3347037.29
1393 3347038.18
1394 3348157.36
1395 3351460.18
1396 3351461.06
1397 3352577.28
1398 3355871.06
1399 3355871.94
1400 3356985.19
1401 3360269.94
1402 3360270.82
1403 3361381.09
1404 3364656.82
1405 3364657.70
1406 3365764.98
1407 3369031.70
1408 3369032.57
1409 3370136.85
1410 3373394.57
1411 3373395.44
1412 3374496.71
1413 3377745.44
1414 3377746.31
1415 3378844.56
1416 3382084.31
1417 3382085.17
1418 3383180.39
1419 3386411.17
1420 3386412.04
1421 3387504.21
1422 3390726.04
1423 3390726.90
1424 3391816.02
1425 3395028.90
1426 3395029.76
1427 3396115.81
1428 3399319.76
1429 3399320.61
1430 3400403.59
1431 3403598.61
1432 3403599.47
1433 3404679.36
1434 3407865.47
1435 3407866.32
1436 3408943.12
1437 3412120.32
1438 3412121.17
1439 3413194.86
1440 3416363.17
1441 3416364.01
1442 3417434.59
1443 3420594.01
1444 3420594.86
1445 3421662.31
1446 3424812.86
1447 3424813.70
1448 3425878.01
1449 3429019.70
1450 3429020.54
1451 3430081.71
1452 3433214.54
1453 3433215.37
1454 3434273.39
1455 3437397.37
1456 3437398.21
1457 3438453.05
1458 3441568.21
1459 3441569.04
1460 3442620.71
1461 3445727.04
1462 3445727.87
1463 3446776.35
1464 3449873.87
1465 3449874.70
1466 3450919.98
1467 3454008.70
1468 3454009.52
1469 3455051.60
1470 3458131.52
1471 3458132.35
1472 3459171.20
1473 3462242.35
1474 3462243.17
1475 3463278.79
1476 3466341.17
1477 3466341.98
1478 3467374.37
1479 3470427.98
1480 3470428.80
1481 3471457.94
1482 3474502.80
1483 3474503.61
1484 3475529.49
1485 3478565.61
1486 3478566.42
1487 3479589.03
1488 3482616.42
1489 3482617.23
1490 3483636.56
1491 3486655.23
1492 3486656.04
1493 3487672.08
1494 3490682.04
1495 3490682.84
1496 3491695.58
1497 3494696.84
1498 3494697.64
1499 3495707.08
1500 3498699.64
1501 3498700.44
1502 3499706.56
1503 3502690.44
1504 3502691.24
1505 3503694.02
1506 3506669.24
1507 3506670.03
1508 3507669.48
1509 3510636.03
1510 3510636.82
1511 3511632.92
1512 3514590.82
1513 3514591.61
1514 3515584.35
1515 3518533.61
1516 3518534.40
1517 3519523.77
1518 3522464.40
1519 3522465.18
1520 3523451.18
1521 3526383.18
1522 3526383.96
1523 3527366.57
1524 3530289.96
1525 3530290.74
1526 3531269.95
1527 3534184.74
1528 3534185.52
1529 3535161.32
1530 3538067.52
1531 3538068.29
1532 3539040.68
1533 3541938.29
1534 3541939.06
1535 3542908.03
1536 3545797.06
1537 3545797.83
1538 3546763.36
1539 3549643.83
1540 3549644.60
1541 3550606.68
1542 3553478.60
1543 3553479.37
1544 3554437.99
1545 3557301.37
1546 3557302.13
1547 3558257.29
1548 3561112.13
1549 3561112.89
1550 3562064.57
1551 3564910.89
1552 3564911.65
1553 3565859.84
1554 3568697.65
1555 3568698.40
1556 3569643.10
1557 3572472.40
1558 3572473.16
1559 3573414.35
1560 3576235.16
1561 3576235.91
1562 3577173.59
1563 3579985.91
1564 3579986.65
1565 3580920.81
1566 3583724.65
1567 3583725.40
1568 3584656.03
1569 3587451.40
1570 3587452.14
1571 3588379.23
1572 3591166.14
1573 3591166.88
1574 3592090.42
1575 3594868.88
1576 3594869.62
1577 3595789.60
1578 3598559.62
1579 3598560.36
1580 3599476.76
1581 3602238.36
1582 3602239.09
1583 3603151.91
1584 3605905.09
1585 3605905.82
1586 3606815.06
1587 3609559.82
1588 3609560.55
1589 3610466.19
1590 3613202.55
1591 3613203.28
1592 3614105.30
1593 3616833.28
1594 3616834.00
1595 3617732.41
1596 3620452.00
1597 3620452.73
1598 3621347.50
1599 3624058.73
1600 3624059.45
1601 3624950.59
1602 3627653.45
1603 3627654.16
1604 3628541.66
1605 3631236.16
1606 3631236.88
1607 3632120.72
1608 3634806.88
1609 3634807.59
1610 3635687.77
1611 3638365.59
1612 3638366.30
1613 3639242.80
1614 3641912.30
1615 3641913.01
1616 3642785.83
1617 3645447.01
1618 3645447.71
1619 3646316.84
1620 3648969.71
1621 3648970.41
1622 3649835.84
1623 3652480.41
1624 3652481.12
1625 3653342.83
1626 3655979.12
1627 3655979.81
1628 3656837.81
1629 3659465.81
1630 3659466.51
1631 3660320.77
1632 3662940.51
1633 3662941.20
1634 3663791.73
1635 3666403.20
1636 3666403.89
1637 3667250.67
1638 3669853.89
1639 3669854.58
1640 3670697.60
1641 3673292.58
1642 3673293.27
1643 3674132.52
1644 3676719.27
1645 3676719.95
1646 3677555.43
1647 3680133.95
1648 3680134.63
1649 3680966.33
1650 3683536.63
1651 3683537.31
1652 3684365.21
1653 3686927.31
1654 3686927.99
1655 3687752.09
1656 3690305.99
1657 3690306.66
1658 3691126.95
1659 3693672.66
1660 3693673.33
1661 3694489.80
1662 3697027.33
1663 3697028.00
1664 3697840.64
1665 3700370.00
1666 3700370.67
1667 3701179.47
1668 3703700.67
1669 3703701.33
1670 3704506.28
1671 3707019.33
1672 3707019.99
1673 3707821.09
1674 3710325.99
1675 3710326.65
1676 3711123.88
1677 3713620.65
1678 3713621.31
1679 3714414.67
1680 3716903.31
1681 3716903.96
1682 3717693.44
1683 3720173.96
1684 3720174.62
1685 3720960.20
1686 3723432.62
1687 3723433.27
1688 3724214.95
1689 3726679.27
1690 3726679.91
1691 3727457.68
1692 3729913.91
1693 3729914.56
1694 3730688.41
1695 3733136.56
1696 3733137.20
1697 3733907.13
1698 3736347.20
1699 3736347.84
1700 3737113.83
1701 3739545.84
1702 3739546.48
1703 3740308.52
1704 3742732.48
1705 3742733.12
1706 3743491.20
1707 3745907.12
1708 3745907.75
1709 3746661.87
1710 3749069.75
1711 3749070.38
1712 3749820.53
1713 3752220.38
1714 3752221.01
1715 3752967.18
1716 3755359.01
1717 3755359.63
1718 3756101.82
1719 3758485.63
1720 3758486.26
1721 3759224.44
1722 3761600.26
1723 3761600.88
1724 3762335.06
1725 3764702.88
1726 3764703.50
1727 3765433.66
1728 3767793.50
1729 3767794.11
1730 3768520.25
1731 3770872.11
1732 3770872.73
1733 3771594.83
1734 3773938.73
1735 3773939.34
1736 3774657.40
1737 3776993.34
1738 3776993.95
1739 3777707.96
1740 3780035.95
1741 3780036.55
1742 3780746.51
1743 3783066.55
1744 3783067.16
1745 3783773.04
1746 3786085.16
1747 3786085.76
1748 3786787.57
1749 3789091.76
1750 3789092.36
1751 3789790.08
1752 3792086.36
1753 3792086.96
1754 3792780.59
1755 3795068.96
1756 3795069.55
1757 3795759.08
1758 3798039.55
1759 3798040.14
1760 3798725.56
1761 3800998.14
1762 3800998.73
1763 3801680.03
1764 3803944.73
1765 3803945.32
1766 3804622.49
1767 3806879.32
1768 3806879.91
1769 3807552.94
1770 3809801.91
1771 3809802.49
1772 3810471.38
1773 3812712.49
1774 3812713.07
1775 3813377.80
1776 3815611.07
1777 3815611.65
1778 3816272.22
1779 3818497.65
1780 3818498.22
1781 3819154.62
1782 3821372.22
1783 3821372.80
1784 3822025.02
1785 3824234.80
1786 3824235.37
1787 3824883.40
1788 3827085.37
1789 3827085.94
1790 3827729.77
1791 3829923.94
1792 3829924.50
1793 3830564.13
1794 3832750.50
1795 3832751.06
1796 3833386.48
1797 3835565.06
1798 3835565.63
1799 3836196.82
1800 3838367.63
1801 3838368.18
1802 3838995.15
1803 3841158.18
1804 3841158.74
1805 3841781.47
1806 3843936.74
1807 3843937.29
1808 3844555.78
1809 3846703.29
1810 3846703.85
1811 3847318.07
1812 3849457.85
1813 3849458.40
1814 3850068.36
1815 3852200.40
1816 3852200.94
1817 3852806.63
1818 3854930.94
1819 3854931.49
1820 3855532.90
1821 3857649.49
1822 3857650.03
1823 3858247.15
1824 3860356.03
1825 3860356.57
1826 3860949.39
1827 3863050.57
1828 3863051.11
1829 3863639.63
1830 3865733.11
1831 3865733.64
1832 3866317.85
1833 3868403.64
1834 3868404.17
1835 3868984.06
1836 3871062.17
1837 3871062.70
1838 3871638.26
1839 3873708.70
1840 3873709.23
1841 3874280.45
1842 3876343.23
1843 3876343.76
1844 3876910.62
1845 3878965.76
1846 3878966.28
1847 3879528.79
1848 3881576.28
1849 3881576.80
1850 3882134.95
1851 3884174.80
1852 3884175.32
1853 3884729.10
1854 3886761.32
1855 3886761.83
1856 3887311.23
1857 3889335.83
1858 3889336.35
1859 3889881.36
1860 3891898.35
1861 3891898.86
1862 3892439.47
1863 3894448.86
1864 3894449.36
1865 3894985.57
1866 3896987.36
1867 3896987.87
1868 3897519.67
1869 3899513.87
1870 3899514.37
1871 3900041.75
1872 3902028.37
1873 3902028.88
1874 3902551.82
1875 3904530.88
1876 3904531.37
1877 3905049.88
1878 3907021.37
1879 3907021.87
1880 3907535.94
1881 3909499.87
1882 3909500.36
1883 3910009.98
1884 3911966.36
1885 3911966.86
1886 3912472.01
1887 3914420.86
1888 3914421.35
1889 3914922.03
1890 3916863.35
1891 3916863.83
1892 3917360.03
1893 3919293.83
1894 3919294.32
1895 3919786.03
1896 3921712.32
1897 3921712.80
1898 3922200.02
1899 3924118.80
1900 3924119.28
1901 3924602.00
1902 3926513.28
1903 3926513.76
1904 3926991.96
1905 3928895.76
1906 3928896.23
1907 3929369.92
1908 3931266.23
1909 3931266.70
1910 3931735.87
1911 3933624.70
1912 3933625.17
1913 3934089.80
1914 3935971.17
1915 3935971.64
1916 3936431.73
1917 3938305.64
1918 3938306.11
1919 3938761.64
1920 3940628.11
1921 3940628.57
1922 3941079.55
1923 3942938.57
1924 3942939.03
1925 3943385.44
1926 3945237.03
1927 3945237.49
1928 3945679.32
1929 3947523.49
1930 3947523.94
1931 3947961.20
1932 3949797.94
1933 3949798.40
1934 3950231.06
1935 3952060.40
1936 3952060.85
1937 3952488.91
1938 3954310.85
1939 3954311.29
1940 3954734.75
1941 3956549.29
1942 3956549.74
1943 3956968.59
1944 3958775.74
1945 3958776.18
1946 3959190.41
1947 3960990.18
1948 3960990.63
1949 3961400.22
1950 3963192.63
1951 3963193.06
1952 3963598.02
1953 3965383.06
1954 3965383.50
1955 3965783.81
1956 3967561.50
1957 3967561.94
1958 3967957.59
1959 3969727.94
1960 3969728.37
1961 3970119.36
1962 3971882.37
1963 3971882.80
1964 3972269.12
1965 3974024.80
1966 3974025.22
1967 3974406.87
1968 3976155.22
1969 3976155.65
1970 3976532.61
1971 3978273.65
1972 3978274.07
1973 3978646.33
1974 3980380.07
1975 3980380.49
1976 3980748.05
1977 3982474.49
1978 3982474.91
1979 3982837.76
1980 3984556.91
1981 3984557.32
1982 3984915.46
1983 3986627.32
1984 3986627.73
1985 3986981.15
1986 3988685.73
1987 3988686.14
1988 3989034.82
1989 3990732.14
1990 3990732.55
1991 3991076.49
1992 3992766.55
1993 3992766.96
1994 3993106.15
1995 3994788.96
1996 3994789.36
1997 3995123.79
1998 3996799.36
1999 3996799.76
2000 3997129.43
2001 3998797.76
2002 3998798.16
2003 3999123.06
2004 4000784.16
2005 4000784.55
2006 4001104.67
2007 4002758.55
2008 4002758.95
2009 4003074.28
2010 4004720.95
2011 4004721.34
2012 4005031.87
2013 4006671.34
2014 4006671.73
2015 4006977.46
2016 4008609.73
2017 4008610.11
2018 4008911.03
2019 4010536.11
2020 4010536.50
2021 4010832.60
2022 4012450.50
2023 4012450.88
2024 4012742.15
2025 4014352.88
2026 4014353.26
2027 4014639.70
2028 4016243.26
2029 4016243.63
2030 4016525.23
2031 4018121.63
2032 4018122.01
2033 4018398.76
2034 4019988.01
2035 4019988.38
2036 4020260.27
2037 4021842.38
2038 4021842.75
2039 4022109.78
2040 4023684.75
2041 4023685.12
2042 4023947.27
2043 4025515.12
2044 4025515.48
2045 4025772.75
2046 4027333.48
2047 4027333.84
2048 4027586.23
2049 4029139.84
2050 4029140.20
2051 4029387.69
2052 4030934.20
2053 4030934.56
2054 4031177.15
2055 4032716.56
2056 4032716.91
2057 4032954.59
2058 4034486.91
2059 4034487.27
2060 4034720.02
2061 4036245.27
2062 4036245.62
2063 4036473.45
2064 4037991.62
2065 4037991.96
2066 4038214.86
2067 4039725.96
2068 4039726.31
2069 4039944.26
2070 4041448.31
2071 4041448.65
2072 4041661.66
2073 4043158.65
2074 4043158.99
2075 4043367.04
2076 4044856.99
2077 4044857.33
2078 4045060.42
2079 4046543.33
2080 4046543.67
2081 4046741.78
2082 4048217.67
2083 4048218.00
2084 4048411.13
2085 4049880.00
2086 4049880.33
2087 4050068.48
2088 4051530.33
2089 4051530.66
2090 4051713.81
2091 4053168.66
2092 4053168.99
2093 4053347.13
2094 4054794.99
2095 4054795.31
2096 4054968.45
2097 4056409.31
2098 4056409.63
2099 4056577.75
2100 4058011.63
2101 4058011.95
2102 4058175.04
2103 4059601.95
2104 4059602.27
2105 4059760.33
2106 4061180.27
2107 4061180.58
2108 4061333.60
2109 4062746.58
2110 4062746.89
2111 4062894.86
2112 4064300.89
2113 4064301.20
2114 4064444.12
2115 4065843.20
2116 4065843.51
2117 4065981.36
2118 4067373.51
2119 4067373.81
2120 4067506.59
2121 4068891.81
2122 4068892.12
2123 4069019.82
2124 4070398.12
2125 4070398.41
2126 4070521.03
2127 4071892.41
2128 4071892.71
2129 4072010.24
2130 4073374.71
2131 4073375.01
2132 4073487.43
2133 4074845.01
2134 4074845.30
2135 4074952.61
2136 4076303.30
2137 4076303.59
2138 4076405.79
2139 4077749.59
2140 4077749.88
2141 4077846.95
2142 4079183.88
2143 4079184.16
2144 4079276.11
2145 4080606.16
2146 4080606.45
2147 4080693.25
2148 4082016.45
2149 4082016.73
2150 4082098.38
2151 4083414.73
2152 4083415.00
2153 4083491.51
2154 4084801.00
2155 4084801.28
2156 4084872.62
2157 4086175.28
2158 4086175.55
2159 4086241.73
2160 4087537.55
2161 4087537.82
2162 4087598.82
2163 4088887.82
2164 4088888.09
2165 4088943.91
2166 4090226.09
2167 4090226.36
2168 4090276.98
2169 4091552.36
2170 4091552.62
2171 4091598.05
2172 4092866.62
2173 4092866.88
2174 4092907.11
2175 4094168.88
2176 4094169.14
2177 4094204.15
2178 4095459.14
2179 4095459.40
2180 4095489.19
2181 4096737.40
2182 4096737.65
2183 4096762.21
2184 4098003.65
2185 4098003.91
2186 4098023.23
2187 4099257.91
2188 4099258.16
2189 4099272.24
2190 4100500.16
2191 4100500.40
2192 4100509.23
2193 4101730.40
2194 4101730.65
2195 4101734.22
2196 4102948.65
2197 4102948.89
2198 4102947.20
2199 4104154.89
2200 4104155.13
2201 4104148.16
2202 4105349.13
2203 4105349.37
2204 4105337.12
2205 4106531.37
2206 4106531.60
2207 4106514.07
2208 4107701.60
2209 4107701.83
2210 4107679.00
2211 4108859.83
2212 4108860.06
2213 4108831.93
2214 4110006.06
2215 4110006.29
2216 4109972.85
2217 4111140.29
2218 4111140.52
2219 4111101.76
2220 4112262.52
2221 4112262.74
2222 4112218.66
2223 4113372.74
2224 4113372.96
2225 4113323.55
2226 4114470.96
2227 4114471.18
2228 4114416.42
2229 4115557.18
2230 4115557.40
2231 4115497.29
2232 4116631.40
2233 4116631.61
2234 4116566.15
2235 4117693.61
2236 4117693.82
2237 4117623.00
2238 4118743.82
2239 4118744.03
2240 4118667.84
2241 4119782.03
2242 4119782.24
2243 4119700.67
2244 4120808.24
2245 4120808.44
2246 4120721.49
2247 4121822.44
2248 4121822.64
2249 4121730.30
2250 4122824.64
2251 4122824.84
2252 4122727.10
2253 4123814.84
2254 4123815.04
2255 4123711.90
2256 4124793.04
2257 4124793.23
2258 4124684.68
2259 4125759.23
2260 4125759.42
2261 4125645.45
2262 4126713.42
2263 4126713.61
2264 4126594.21
2265 4127655.61
2266 4127655.80
2267 4127530.96
2268 4128585.80
2269 4128585.98
2270 4128455.71
2271 4129503.98
2272 4129504.17
2273 4129368.44
2274 4130410.17
2275 4130410.35
2276 4130269.16
2277 4131304.35
2278 4131304.52
2279 4131157.87
2280 4132186.52
2281 4132186.70
2282 4132034.58
2283 4133056.70
2284 4133056.87
2285 4132899.27
2286 4133914.87
2287 4133915.04
2288 4133751.96
2289 4134761.04
2290 4134761.21
2291 4134592.63
2292 4135595.21
2293 4135595.37
2294 4135421.30
2295 4136417.37
2296 4136417.54
2297 4136237.95
2298 4137227.54
2299 4137227.70
2300 4137042.60
2301 4138025.70
2302 4138025.86
2303 4137835.23
2304 4138811.86
2305 4138812.01
2306 4138615.86
2307 4139586.01
2308 4139586.17
2309 4139384.47
2310 4140348.17
2311 4140348.32
2312 4140141.08
2313 4141098.32
2314 4141098.47
2315 4140885.68
2316 4141836.47
2317 4141836.61
2318 4141618.26
2319 4142562.61
2320 4142562.76
2321 4142338.84
2322 4143276.76
2323 4143276.90
2324 4143047.41
2325 4143978.90
2326 4143979.04
2327 4143743.97
2328 4144669.04
2329 4144669.17
2330 4144428.52
2331 4145347.17
2332 4145347.31
2333 4145101.06
2334 4146013.31
2335 4146013.44
2336 4145761.58
2337 4146667.44
2338 4146667.57
2339 4146410.10
2340 4147309.57
2341 4147309.70
2342 4147046.61
2343 4147939.70
2344 4147939.82
2345 4147671.11
2346 4148557.82
2347 4148557.94
2348 4148283.60
2349 4149163.94
2350 4149164.06
2351 4148884.09
2352 4149758.06
2353 4149758.18
2354 4149472.56
2355 4150340.18
2356 4150340.29
2357 4150049.02
2358 4150910.29
2359 4150910.41
2360 4150613.47
2361 4151468.41
2362 4151468.52
2363 4151165.91
2364 4152014.52
2365 4152014.63
2366 4151706.35
2367 4152548.63
2368 4152548.73
2369 4152234.77
2370 4153070.73
2371 4153070.83
2372 4152751.18
2373 4153580.83
2374 4153580.94
2375 4153255.59
2376 4154078.94
2377 4154079.03
2378 4153747.98
2379 4154565.03
2380 4154565.13
2381 4154228.36
2382 4155039.13
2383 4155039.22
2384 4154696.74
2385 4155501.22
2386 4155501.31
2387 4155153.10
2388 4155951.31
2389 4155951.40
2390 4155597.46
2391 4156389.40
2392 4156389.49
2393 4156029.81
2394 4156815.49
2395 4156815.57
2396 4156450.14
2397 4157229.57
2398 4157229.65
2399 4156858.47
2400 4157631.65
2401 4157631.73
2402 4157254.79
2403 4158021.73
2404 4158021.81
2405 4157639.09
2406 4158399.81
2407 4158399.88
2408 4158011.39
2409 4158765.88
2410 4158765.96
2411 4158371.68
2412 4159119.96
2413 4159120.03
2414 4158719.96
2415 4159462.03
2416 4159462.09
2417 4159056.23
2418 4159792.09
2419 4159792.16
2420 4159380.49
2421 4160110.16
2422 4160110.22
2423 4159692.74
2424 4160416.22
2425 4160416.28
2426 4159992.98
2427 4160710.28
2428 4160710.34
2429 4160281.21
2430 4160992.34
2431 4160992.39
2432 4160557.43
2433 4161262.39
2434 4161262.45
2435 4160821.64
2436 4161520.45
2437 4161520.50
2438 4161073.84
2439 4161766.50
2440 4161766.54
2441 4161314.03
2442 4162000.54
2443 4162000.59
2444 4161542.22
2445 4162222.59
2446 4162222.63
2447 4161758.39
2448 4162432.63
2449 4162432.67
2450 4161962.55
2451 4162630.67
2452 4162630.71
2453 4162154.70
2454 4162816.71
2455 4162816.75
2456 4162334.85
2457 4162990.75
2458 4162990.78
2459 4162502.98
2460 4163152.78
2461 4163152.81
2462 4162659.11
2463 4163302.81
2464 4163302.84
2465 4162803.22
2466 4163440.84
2467 4163440.87
2468 4162935.33
2469 4163566.87
2470 4163566.89
2471 4163055.43
2472 4163680.89
2473 4163680.91
2474 4163163.51
2475 4163782.91
2476 4163782.93
2477 4163259.59
2478 4163872.93
2479 4163872.95
2480 4163343.66
2481 4163950.95
2482 4163950.96
2483 4163415.71
2484 4164016.96
2485 4164016.98
2486 4163475.76
2487 4164070.98
2488 4164070.99
2489 4163523.80
2490 4164112.99
2491 4164112.99
2492 4163559.83
2493 4164142.99
2494 4164143.00
2495 4163583.85
2496 4164161.00
2497 4164161.00
2498 4163595.86
2499 4164167.00
2500 4164167.00
2501 4163595.86
2502 4164161.00
2503 4164161.00
2504 4163583.85
2505 4164143.00
2506 4164142.99
2507 4163559.83
2508 4164112.99
2509 4164112.99
2510 4163523.80
2511 4164070.99
2512 4164070.98
2513 4163475.76
2514 4164016.98
2515 4164016.96
2516 4163415.71
2517 4163950.96
2518 4163950.95
2519 4163343.66
2520 4163872.95
2521 4163872.93
2522 4163259.59
2523 4163782.93
2524 4163782.91
2525 4163163.51
2526 4163680.91
2527 4163680.89
2528 4163055.43
2529 4163566.89
2530 4163566.87
2531 4162935.33
2532 4163440.87
2533 4163440.84
2534 4162803.22
2535 4163302.84
2536 4163302.81
2537 4162659.11
2538 4163152.81
2539 4163152.78
2540 4162502.98
2541 4162990.78
2542 4162990.75
2543 4162334.85
2544 4162816.75
2545 4162816.71
2546 4162154.70
2547 4162630.71
2548 4162630.67
2549 4161962.55
2550 4162432.67
2551 4162432.63
2552 4161758.39
2553 4162222.63
2554 4162222.59
2555 4161542.22
2556 4162000.59
2557 4162000.54
2558 4161314.03
2559 4161766.54
2560 4161766.50
2561 4161073.84
2562 4161520.50
2563 4161520.45
2564 4160821.64
2565 4161262.45
2566 4161262.39
2567 4160557.43
2568 4160992.39
2569 4160992.34
2570 4160281.21
2571 4160710.34
2572 4160710.28
2573 4159992.98
2574 4160416.28
2575 4160416.22
2576 4159692.74
2577 4160110.22
2578 4160110.16
2579 4159380.49
2580 4159792.16
2581 4159792.09
2582 4159056.23
2583 4159462.09
2584 4159462.03
2585 4158719.96
2586 4159120.03
2587 4159119.96
2588 4158371.68
2589 4158765.96
2590 4158765.88
2591 4158011.39
2592 4158399.88
2593 4158399.81
2594 4157639.09
2595 4158021.81
2596 4158021.73
2597 4157254.79
2598 4157631.73
2599 4157631.65
2600 4156858.47
2601 4157229.65
2602 4157229.57
2603 4156450.14
2604 4156815.57
2605 4156815.49
2606 4156029.81
2607 4156389.49
2608 4156389.40
2609 4155597.46
2610 4155951.40
2611 4155951.31
2612 4155153.10
2613 4155501.31
2614 4155501.22
2615 4154696.74
2616 4155039.22
2617 4155039.13
2618 4154228.36
2619 4154565.13
2620 4154565.03
2621 4153747.98
2622 4154079.03
2623 4154078.94
2624 4153255.59
2625 4153580.94
2626 4153580.83
2627 4152751.18
2628 4153070.83
2629 4153070.73
2630 4152234.77
2631 4152548.73
2632 4152548.63
2633 4151706.35
2634 4152014.63
2635 4152014.52
2636 4151165.91
2637 4151468.52
2638 4151468.41
2639 4150613.47
2640 4150910.41
2641 4150910.29
2642 4150049.02
2643 4150340.29
2644 4150340.18
2645 4149472.56
2646 4149758.18
2647 4149758.06
2648 4148884.09
2649 4149164.06
2650 4149163.94
2651 4148283.60
2652 4148557.94
2653 4148557.82
2654 4147671.11
2655 4147939.82
2656 4147939.70
2657 4147046.61
2658 4147309.70
2659 4147309.57
2660 4146410.10
2661 4146667.57
2662 4146667.44
2663 4145761.58
2664 4146013.44
2665 4146013.31
2666 4145101.06
2667 4145347.31
2668 4145347.17
2669 4144428.52
2670 4144669.17
2671 4144669.04
2672 4143743.97
2673 4143979.04
2674 4143978.90
2675 4143047.41
2676 4143276.90
2677 4143276.76
2678 4142338.84
2679 4142562.76
2680 4142562.61
2681 4141618.26
2682 4141836.61
2683 4141836.47
2684 4140885.68
2685 4141098.47
2686 4141098.32
2687 4140141.08
2688 4140348.32
2689 4140348.17
2690 4139384.47
2691 4139586.17
2692 4139586.01
2693 4138615.86
2694 4138812.01
2695 4138811.86
2696 4137835.23
2697 4138025.86
2698 4138025.70
2699 4137042.60
2700 4137227.70
2701 4137227.54
2702 4136237.95
2703 4136417.54
2704 4136417.37
2705 4135421.30
2706 4135595.37
2707 4135595.21
2708 4134592.63
2709 4134761.21
2710 4134761.04
2711 4133751.96
2712 4133915.04
2713 4133914.87
2714 4132899.27
2715 4133056.87
2716 4133056.70
2717 4132034.58
2718 4132186.70
2719 4132186.52
2720 4131157.87
2721 4131304.52
2722 4131304.35
2723 4130269.16
2724 4130410.35
2725 4130410.17
2726 4129368.44
2727 4129504.17
2728 4129503.98
2729 4128455.71
2730 4128585.98
2731 4128585.80
2732 4127530.96
2733 4127655.80
2734 4127655.61
2735 4126594.21
2736 4126713.61
2737 4126713.42
2738 4125645.45
2739 4125759.42
2740 4125759.23
2741 4124684.68
2742 4124793.23
2743 4124793.04
2744 4123711.90
2745 4123815.04
2746 4123814.84
2747 4122727.10
2748 4122824.84
2749 4122824.64
2750 4121730.30
2751 4121822.64
2752 4121822.44
2753 4120721.49
2754 4120808.44
2755 4120808.24
2756 4119700.67
2757 4119782.24
2758 4119782.03
2759 4118667.84
2760 4118744.03
2761 4118743.82
2762 4117623.00
2763 4117693.82
2764 4117693.61
2765 4116566.15
2766 4116631.61
2767 4116631.40
2768 4115497.29
2769 4115557.40
2770 4115557.18
2771 4114416.42
2772 4114471.18
2773 4114470.96
2774 4113323.55
2775 4113372.96
2776 4113372.74
2777 4112218.66
2778 4112262.74
2779 4112262.52
2780 4111101.76
2781 4111140.52
2782 4111140.29
2783 4109972.85
2784 4110006.29
2785 4110006.06
2786 4108831.93
2787 4108860.06
2788 4108859.83
2789 4107679.00
2790 4107701.83
2791 4107701.60
2792 4106514.07
2793 4106531.60
2794 4106531.37
2795 4105337.12
2796 4105349.37
2797 4105349.13
2798 4104148.16
2799 4104155.13
2800 4104154.89
2801 4102947.20
2802 4102948.89
2803 4102948.65
2804 4101734.22
2805 4101730.65
2806 4101730.40
2807 4100509.23
2808 4100500.40
2809 4100500.16
2810 4099272.24
2811 4099258.16
2812 4099257.91
2813 4098023.23
2814 4098003.91
2815 4098003.65
2816 4096762.21
2817 4096737.65
2818 4096737.40
2819 4095489.19
2820 4095459.40
2821 4095459.14
2822 4094204.15
2823 4094169.14
2824 4094168.88
2825 4092907.11
2826 4092866.88
2827 4092866.62
2828 4091598.05
2829 4091552.62
2830 4091552.36
2831 4090276.98
2832 4090226.36
2833 4090226.09
2834 4088943.91
2835 4088888.09
2836 4088887.82
2837 4087598.82
2838 4087537.82
2839 4087537.55
2840 4086241.73
2841 4086175.55
2842 4086175.28
2843 4084872.62
2844 4084801.28
2845 4084801.00
2846 4083491.51
2847 4083415.00
2848 4083414.73
2849 4082098.38
2850 4082016.73
2851 4082016.45
2852 4080693.25
2853 4080606.45
2854 4080606.16
2855 4079276.11
2856 4079184.16
2857 4079183.88
2858 4077846.95
2859 4077749.88
2860 4077749.59
2861 4076405.79
2862 4076303.59
2863 4076303.30
2864 4074952.61
2865 4074845.30
2866 4074845.01
2867 4073487.43
2868 4073375.01
2869 4073374.71
2870 4072010.24
2871 4071892.71
2872 4071892.41
2873 4070521.03
2874 4070398.41
2875 4070398.12
2876 4069019.82
2877 4068892.12
2878 4068891.81
2879 4067506.59
2880 4067373.81
2881 4067373.51
2882 4065981.36
2883 4065843.51
2884 4065843.20
2885 4064444.12
2886 4064301.20
2887 4064300.89
2888 4062894.86
2889 4062746.89
2890 4062746.58
2891 4061333.60
2892 4061180.58
2893 4061180.27
2894 4059760.33
2895 4059602.27
2896 4059601.95
2897 4058175.04
2898 4058011.95
2899 4058011.63
2900 4056577.75
2901 4056409.63
2902 4056409.31
2903 4054968.45
2904 4054795.31
2905 4054794.99
2906 4053347.13
2907 4053168.99
2908 4053168.66
2909 4051713.81
2910 4051530.66
2911 4051530.33
2912 4050068.48
2913 4049880.33
2914 4049880.00
2915 4048411.13
2916 4048218.00
2917 4048217.67
2918 4046741.78
2919 4046543.67
2920 4046543.33
2921 4045060.42
2922 4044857.33
2923 4044856.99
2924 4043367.04
2925 4043158.99
2926 4043158.65
2927 4041661.66
2928 4041448.65
2929 4041448.31
2930 4039944.26
2931 4039726.31
2932 4039725.96
2933 4038214.86
2934 4037991.96
2935 4037991.62
2936 4036473.45
2937 4036245.62
2938 4036245.27
2939 4034720.02
2940 4034487.27
2941 4034486.91
2942 4032954.59
2943 4032716.91
2944 4032716.56
2945 4031177.15
2946 4030934.56
2947 4030934.20
2948 4029387.69
2949 4029140.20
2950 4029139.84
2951 4027586.23
2952 4027333.84
2953 4027333.48
2954 4025772.75
2955 4025515.48
2956 4025515.12
2957 4023947.27
2958 4023685.12
2959 4023684.75
2960 4022109.78
2961 4021842.75
2962 4021842.38
2963 4020260.27
2964 4019988.38
2965 4019988.01
2966 4018398.76
2967 4018122.01
2968 4018121.63
2969 4016525.23
2970 4016243.63
2971 4016243.26
2972 4014639.70
2973 4014353.26
2974 4014352.88
2975 4012742.15
2976 4012450.88
2977 4012450.50
2978 4010832.60
2979 4010536.50
2980 4010536.11
2981 4008911.03
2982 4008610.11
2983 4008609.73
2984 4006977.46
2985 4006671.73
2986 4006671.34
2987 4005031.87
2988 4004721.34
2989 4004720.95
2990 4003074.28
2991 4002758.95
2992 4002758.55
2993 4001104.67
2994 4000784.55
2995 4000784.16
2996 3999123.06
2997 3998798.16
2998 3998797.76
2999 3997129.43
3000 3996799.76
3001 3996799.36
3002 3995123.79
3003 3994789.36
3004 3994788.96
3005 3993106.15
3006 3992766.96
3007 3992766.55
3008 3991076.49
3009 3990732.55
3010 3990732.14
3011 3989034.82
3012 3988686.14
3013 3988685.73
3014 3986981.15
3015 3986627.73
3016 3986627.32
3017 3984915.46
3018 3984557.32
3019 3984556.91
3020 3982837.76
3021 3982474.91
3022 3982474.49
3023 3980748.05
3024 3980380.49
3025 3980380.07
3026 3978646.33
3027 3978274.07
3028 3978273.65
3029 3976532.61
3030 3976155.65
3031 3976155.22
3032 3974406.87
3033 3974025.22
3034 3974024.80
3035 3972269.12
3036 3971882.80
3037 3971882.37
3038 3970119.36
3039 3969728.37
3040 3969727.94
3041 3967957.59
3042 3967561.94
3043 3967561.50
3044 3965783.81
3045 3965383.50
3046 3965383.06
3047 3963598.02
3048 3963193.06
3049 3963192.63
3050 3961400.22
3051 3960990.63
3052 3960990.18
3053 3959190.41
3054 3958776.18
3055 3958775.74
3056 3956968.59
3057 3956549.74
3058 3956549.29
3059 3954734.75
3060 3954311.29
3061 3954310.85
3062 3952488.91
3063 3952060.85
3064 3952060.40
3065 3950231.06
3066 3949798.40
3067 3949797.94
3068 3947961.20
3069 3947523.94
3070 3947523.49
3071 3945679.32
3072 3945237.49
3073 3945237.03
3074 3943385.44
3075 3942939.03
3076 3942938.57
3077 3941079.55
3078 3940628.57
3079 3940628.11
3080 3938761.64
3081 3938306.11
3082 3938305.64
3083 3936431.73
3084 3935971.64
3085 3935971.17
3086 3934089.80
3087 3933625.17
3088 3933624.70
3089 3931735.87
3090 3931266.70
3091 3931266.23
3092 3929369.92
3093 3928896.23
3094 3928895.76
3095 3926991.96
3096 3926513.76
3097 3926513.28
3098 3924602.00
3099 3924119.28
3100 3924118.80
3101 3922200.02
3102 3921712.80
3103 3921712.32
3104 3919786.03
3105 3919294.32
3106 3919293.83
3107 3917360.03
3108 3916863.83
3109 3916863.35
3110 3914922.03
3111 3914421.35
3112 3914420.86
3113 3912472.01
3114 3911966.86
3115 3911966.36
3116 3910009.98
3117 3909500.36
3118 3909499.87
3119 3907535.94
3120 3907021.87
3121 3907021.37
3122 3905049.88
3123 3904531.37
3124 3904530.88
3125 3902551.82
3126 3902028.88
3127 3902028.37
3128 3900041.75
3129 3899514.37
3130 3899513.87
3131 3897519.67
3132 3896987.87
3133 3896987.36
3134 3894985.57
3135 3894449.36
3136 3894448.86
3137 3892439.47
3138 3891898.86
3139 3891898.35
3140 3889881.36
3141 3889336.35
3142 3889335.83
3143 3887311.23
3144 3886761.83
3145 3886761.32
3146 3884729.10
3147 3884175.32
3148 3884174.80
3149 3882134.95
3150 3881576.80
3151 3881576.28
3152 3879528.79
3153 3878966.28
3154 3878965.76
3155 3876910.62
3156 3876343.76
3157 3876343.23
3158 3874280.45
3159 3873709.23
3160 3873708.70
3161 3871638.26
3162 3871062.70
3163 3871062.17
3164 3868984.06
3165 3868404.17
3166 3868403.64
3167 3866317.85
3168 3865733.64
3169 3865733.11
3170 3863639.63
3171 3863051.11
3172 3863050.57
3173 3860949.39
3174 3860356.57
3175 3860356.03
3176 3858247.15
3177 3857650.03
3178 3857649.49
3179 3855532.90
3180 3854931.49
3181 3854930.94
3182 3852806.63
3183 3852200.94
3184 3852200.40
3185 3850068.36
3186 3849458.40
3187 3849457.85
3188 3847318.07
3189 3846703.85
3190 3846703.29
3191 3844555.78
3192 3843937.29
3193 3843936.74
3194 3841781.47
3195 3841158.74
3196 3841158.18
3197 3838995.15
3198 3838368.18
3199 3838367.63
3200 3836196.82
3201 3835565.63
3202 3835565.06
3203 3833386.48
3204 3832751.06
3205 3832750.50
3206 3830564.13
3207 3829924.50
3208 3829923.94
3209 3827729.77
3210 3827085.94
3211 3827085.37
3212 3824883.40
3213 3824235.37
3214 3824234.80
3215 3822025.02
3216 3821372.80
3217 3821372.22
3218 3819154.62
3219 3818498.22
3220 3818497.65
3221 3816272.22
3222 3815611.65
3223 3815611.07
3224 3813377.80
3225 3812713.07
3226 3812712.49
3227 3810471.38
3228 3809802.49
3229 3809801.91
3230 3807552.94
3231 3806879.91
3232 3806879.32
3233 3804622.49
3234 3803945.32
3235 3803944.73
3236 3801680.03
3237 3800998.73
3238 3800998.14
3239 3798725.56
3240 3798040.14
3241 3798039.55
3242 3795759.08
3243 3795069.55
3244 3795068.96
3245 3792780.59
3246 3792086.96
3247 3792086.36
3248 3789790.08
3249 3789092.36
3250 3789091.76
3251 3786787.57
3252 3786085.76
3253 3786085.16
3254 3783773.04
3255 3783067.16
3256 3783066.55
3257 3780746.51
3258 3780036.55
3259 3780035.95
3260 3777707.96
3261 3776993.95
3262 3776993.34
3263 3774657.40
3264 3773939.34
3265 3773938.73
3266 3771594.83
3267 3770872.73
3268 3770872.11
3269 3768520.25
3270 3767794.11
3271 3767793.50
3272 3765433.66
3273 3764703.50
3274 3764702.88
3275 3762335.06
3276 3761600.88
3277 3761600.26
3278 3759224.44
3279 3758486.26
3280 3758485.63
3281 3756101.82
3282 3755359.63
3283 3755359.01
3284 3752967.18
3285 3752221.01
3286 3752220.38
3287 3749820.53
3288 3749070.38
3289 3749069.75
3290 3746661.87
3291 3745907.75
3292 3745907.12
3293 3743491.20
3294 3742733.12
3295 3742732.48
3296 3740308.52
3297 3739546.48
3298 3739545.84
3299 3737113.83
3300 3736347.84
3301 3736347.20
3302 3733907.13
3303 3733137.20
3304 3733136.56
3305 3730688.41
3306 3729914.56
3307 3729913.91
3308 3727457.68
3309 3726679.91
3310 3726679.27
3311 3724214.95
3312 3723433.27
3313 3723432.62
3314 3720960.20
3315 3720174.62
3316 3720173.96
3317 3717693.44
3318 3716903.96
3319 3716903.31
3320 3714414.67
3321 3713621.31
3322 3713620.65
3323 3711123.88
3324 3710326.65
3325 3710325.99
3326 3707821.09
3327 3707019.99
3328 3707019.33
3329 3704506.28
3330 3703701.33
3331 3703700.67
3332 3701179.47
3333 3700370.67
3334 3700370.00
3335 3697840.64
3336 3697028.00
3337 3697027.33
3338 3694489.80
3339 3693673.33
3340 3693672.66
3341 3691126.95
3342 3690306.66
3343 3690305.99
3344 3687752.09
3345 3686927.99
3346 3686927.31
3347 3684365.21
3348 3683537.31
3349 3683536.63
3350 3680966.33
3351 3680134.63
3352 3680133.95
3353 3677555.43
3354 3676719.95
3355 3676719.27
3356 3674132.52
3357 3673293.27
3358 3673292.58
3359 3670697.60
3360 3669854.58
3361 3669853.89
3362 3667250.67
3363 3666403.89
3364 3666403.20
3365 3663791.73
3366 3662941.20
3367 3662940.51
3368 3660320.77
3369 3659466.51
3370 3659465.81
3371 3656837.81
3372 3655979.81
3373 3655979.12
3374 3653342.83
3375 3652481.12
3376 3652480.41
3377 3649835.84
3378 3648970.41
3379 3648969.71
3380 3646316.84
3381 3645447.71
3382 3645447.01
3383 3642785.83
3384 3641913.01
3385 3641912.30
3386 3639242.80
3387 3638366.30
3388 3638365.59
3389 3635687.77
3390 3634807.59
3391 3634806.88
3392 3632120.72
3393 3631236.88
3394 3631236.16
3395 3628541.66
3396 3627654.16
3397 3627653.45
3398 3624950.59
3399 3624059.45
3400 3624058.73
3401 3621347.50
3402 3620452.73
3403 3620452.00
3404 3617732.41
3405 3616834.00
3406 3616833.28
3407 3614105.30
3408 3613203.28
3409 3613202.55
3410 3610466.19
3411 3609560.55
3412 3609559.82
3413 3606815.06
3414 3605905.82
3415 3605905.09
3416 3603151.91
3417 3602239.09
3418 3602238.36
3419 3599476.76
3420 3598560.36
3421 3598559.62
3422 3595789.60
3423 3594869.62
3424 3594868.88
3425 3592090.42
3426 3591166.88
3427 3591166.14
3428 3588379.23
3429 3587452.14
3430 3587451.40
3431 3584656.03
3432 3583725.40
3433 3583724.65
3434 3580920.81
3435 3579986.65
3436 3579985.91
3437 3577173.59
3438 3576235.91
3439 3576235.16
3440 3573414.35
3441 3572473.16
3442 3572472.40
3443 3569643.10
3444 3568698.40
3445 3568697.65
3446 3565859.84
3447 3564911.65
3448 3564910.89
3449 3562064.57
3450 3561112.89
3451 3561112.13
3452 3558257.29
3453 3557302.13
3454 3557301.37
3455 3554437.99
3456 3553479.37
3457 3553478.60
3458 3550606.68
3459 3549644.60
3460 3549643.83
3461 3546763.36
3462 3545797.83
3463 3545797.06
3464 3542908.03
3465 3541939.06
3466 3541938.29
3467 3539040.68
3468 3538068.29
3469 3538067.52
3470 3535161.32
3471 3534185.52
3472 3534184.74
3473 3531269.95
3474 3530290.74
3475 3530289.96
3476 3527366.57
3477 3526383.96
3478 3526383.18
3479 3523451.18
3480 3522465.18
3481 3522464.40
3482 3519523.77
3483 3518534.40
3484 3518533.61
3485 3515584.35
3486 3514591.61
3487 3514590.82
3488 3511632.92
3489 3510636.82
3490 3510636.03
3491 3507669.48
3492 3506670.03
3493 3506669.24
3494 3503694.02
3495 3502691.24
3496 3502690.44
3497 3499706.56
3498 3498700.44
3499 3498699.64
3500 3495707.08
3501 3494697.64
3502 3494696.84
3503 3491695.58
3504 3490682.84
3505 3490682.04
3506 3487672.08
3507 3486656.04
3508 3486655.23
3509 3483636.56
3510 3482617.23
3511 3482616.42
3512 3479589.03
3513 3478566.42
3514 3478565.61
3515 3475529.49
3516 3474503.61
3517 3474502.80
3518 3471457.94
3519 3470428.80
3520 3470427.98
3521 3467374.37
3522 3466341.98
3523 3466341.17
3524 3463278.79
3525 3462243.17
3526 3462242.35
3527 3459171.20
3528 3458132.35
3529 3458131.52
3530 3455051.60
3531 3454009.52
3532 3454008.70
3533 3450919.98
3534 3449874.70
3535 3449873.87
3536 3446776.35
3537 3445727.87
3538 3445727.04
3539 3442620.71
3540 3441569.04
3541 3441568.21
3542 3438453.05
3543 3437398.21
3544 3437397.37
3545 3434273.39
3546 3433215.37
3547 3433214.54
3548 3430081.71
3549 3429020.54
3550 3429019.70
3551 3425878.01
3552 3424813.70
3553 3424812.86
3554 3421662.31
3555 3420594.86
3556 3420594.01
3557 3417434.59
3558 3416364.01
3559 3416363.17
3560 3413194.86
3561 3412121.17
3562 3412120.32
3563 3408943.12
3564 3407866.32
3565 3407865.47
3566 3404679.36
3567 3403599.47
3568 3403598.61
3569 3400403.59
3570 3399320.61
3571 3399319.76
3572 3396115.81
3573 3395029.76
3574 3395028.90
3575 3391816.02
3576 3390726.90
3577 3390726.04
3578 3387504.21
3579 3386412.04
3580 3386411.17
3581 3383180.39
3582 3382085.17
3583 3382084.31
3584 3378844.56
3585 3377746.31
3586 3377745.44
3587 3374496.71
3588 3373395.44
3589 3373394.57
3590 3370136.85
3591 3369032.57
3592 3369031.70
3593 3365764.98
3594 3364657.70
3595 3364656.82
3596 3361381.09
3597 3360270.82
3598 3360269.94
3599 3356985.19
3600 3355871.94
3601 3355871.06
3602 3352577.28
3603 3351461.06
3604 3351460.18
3605 3348157.36
3606 3347038.18
3607 3347037.29
3608 3343725.42
3609 3342603.29
3610 3342602.41
3611 3339281.47
3612 3338156.41
3613 3338155.52
3614 3334825.51
3615 3333697.52
3616 3333696.63
3617 3330357.53
3618 3329226.63
3619 3329225.73
3620 3325877.54
3621 3324743.73
3622 3324742.83
3623 3321385.54
3624 3320248.83
3625 3320247.94
3626 3316881.52
3627 3315741.94
3628 3315741.03
3629 3312365.49
3630 3311223.03
3631 3311222.13
3632 3307837.45
3633 3306692.13
3634 3306691.22
3635 3303297.39
3636 3302149.22
3637 3302148.31
3638 3298745.32
3639 3297594.31
3640 3297593.40
3641 3294181.24
3642 3293027.40
3643 3293026.49
3644 3289605.14
3645 3288448.49
3646 3288447.57
3647 3285017.03
3648 3283857.57
3649 3283856.65
3650 3280416.91
3651 3279254.65
3652 3279253.73
3653 3275804.77
3654 3274639.73
3655 3274638.81
3656 3271180.62
3657 3270012.81
3658 3270011.88
3659 3266544.46
3660 3265373.88
3661 3265372.96
3662 3261896.28
3663 3260722.96
3664 3260722.03
3665 3257236.09
3666 3256060.03
3667 3256059.09
3668 3252563.89
3669 3251385.09
3670 3251384.16
3671 3247879.67
3672 3246698.16
3673 3246697.22
3674 3243183.44
3675 3241999.22
3676 3241998.28
3677 3238475.19
3678 3237288.28
3679 3237287.34
3680 3233754.93
3681 3232565.34
3682 3232564.39
3683 3229022.66
3684 3227830.39
3685 3227829.45
3686 3224278.37
3687 3223083.45
3688 3223082.50
3689 3219522.07
3690 3218324.50
3691 3218323.54
3692 3214753.76
3693 3213553.54
3694 3213552.59
3695 3209973.43
3696 3208770.59
3697 3208769.63
3698 3205181.09
3699 3203975.63
3700 3203974.67
3701 3200376.73
3702 3199168.67
3703 3199167.71
3704 3195560.36
3705 3194349.71
3706 3194348.75
3707 3190731.98
3708 3189518.75
3709 3189517.78
3710 3185891.58
3711 3184675.78
3712 3184674.81
3713 3181039.17
3714 3179820.81
3715 3179819.84
3716 3176174.74
3717 3174953.84
3718 3174952.87
3719 3171298.30
3720 3170074.87
3721 3170073.89
3722 3166409.85
3723 3165183.89
3724 3165182.91
3725 3161509.38
3726 3160280.91
3727 3160279.93
3728 3156596.90
3729 3155365.93
3730 3155364.95
3731 3151672.40
3732 3150438.95
3733 3150437.96
3734 3146735.89
3735 3145499.96
3736 3145498.98
3737 3141787.37
3738 3140548.98
3739 3140547.99
3740 3136826.83
3741 3135585.99
3742 3135584.99
3743 3131854.27
3744 3130610.99
3745 3130610.00
3746 3126869.71
3747 3125624.00
3748 3125623.00
3749 3121873.12
3750 3120625.00
3751 3120624.00
3752 3116864.53
3753 3115614.00
3754 3115613.00
3755 3111843.92
3756 3110591.00
3757 3110589.99
3758 3106811.29
3759 3105555.99
3760 3105554.99
3761 3101766.65
3762 3100508.99
3763 3100507.98
3764 3096710.00
3765 3095449.98
3766 3095448.96
3767 3091641.33
3768 3090378.96
3769 3090377.95
3770 3086560.65
3771 3085295.95
3772 3085294.93
3773 3081467.95
3774 3080200.93
3775 3080199.91
3776 3076363.23
3777 3075093.91
3778 3075092.89
3779 3071246.51
3780 3069974.89
3781 3069973.87
3782 3066117.77
3783 3064843.87
3784 3064842.84
3785 3060977.01
3786 3059700.84
3787 3059699.81
3788 3055824.24
3789 3054545.81
3790 3054544.78
3791 3050659.45
3792 3049378.78
3793 3049377.75
3794 3045482.65
3795 3044199.75
3796 3044198.71
3797 3040293.83
3798 3039008.71
3799 3039007.67
3800 3035093.00
3801 3033805.67
3802 3033804.63
3803 3029880.16
3804 3028590.63
3805 3028589.59
3806 3024655.29
3807 3023363.59
3808 3023362.54
3809 3019418.42
3810 3018124.54
3811 3018123.50
3812 3014169.53
3813 3012873.50
3814 3012872.45
3815 3008908.62
3816 3007610.45
3817 3007609.39
3818 3003635.70
3819 3002335.39
3820 3002334.34
3821 2998350.76
3822 2997048.34
3823 2997047.28
3824 2993053.81
3825 2991749.28
3826 2991748.22
3827 2987744.85
3828 2986438.22
3829 2986437.16
3830 2982423.86
3831 2981115.16
3832 2981114.09
3833 2977090.87
3834 2975780.09
3835 2975779.03
3836 2971745.85
3837 2970433.03
3838 2970431.96
3839 2966388.83
3840 2965073.96
3841 2965072.88
3842 2961019.78
3843 2959702.88
3844 2959701.81
3845 2955638.72
3846 2954319.81
3847 2954318.73
3848 2950245.65
3849 2948924.73
3850 2948923.65
3851 2944840.56
3852 2943517.65
3853 2943516.57
3854 2939423.45
3855 2938098.57
3856 2938097.49
3857 2933994.33
3858 2932667.49
3859 2932666.40
3860 2928553.20
3861 2927224.40
3862 2927223.31
3863 2923100.05
3864 2921769.31
3865 2921768.22
3866 2917634.88
3867 2916302.22
3868 2916301.13
3869 2912157.69
3870 2910823.13
3871 2910822.03
3872 2906668.49
3873 2905332.03
3874 2905330.94
3875 2901167.28
3876 2899828.94
3877 2899827.83
3878 2895654.05
3879 2894313.83
3880 2894312.73
3881 2890128.80
3882 2888786.73
3883 2888785.63
3884 2884591.54
3885 2883247.63
3886 2883246.52
3887 2879042.26
3888 2877696.52
3889 2877695.41
3890 2873480.96
3891 2872133.41
3892 2872132.29
3893 2867907.65
3894 2866558.29
3895 2866557.18
3896 2862322.33
3897 2860971.18
3898 2860970.06
3899 2856724.98
3900 2855372.06
3901 2855370.94
3902 2851115.62
3903 2849760.94
3904 2849759.82
3905 2845494.25
3906 2844137.82
3907 2844136.70
3908 2839860.86
3909 2838502.70
3910 2838501.57
3911 2834215.45
3912 2832855.57
3913 2832854.44
3914 2828558.03
3915 2827196.44
3916 2827195.31
3917 2822888.58
3918 2821525.31
3919 2821524.17
3920 2817207.13
3921 2815842.17
3922 2815841.04
3923 2811513.65
3924 2810147.04
3925 2810145.90
3926 2805808.16
3927 2804439.90
3928 2804438.76
3929 2800090.66
3930 2798720.76
3931 2798719.61
3932 2794361.13
3933 2792989.61
3934 2792988.47
3935 2788619.59
3936 2787246.47
3937 2787245.32
3938 2782866.04
3939 2781491.32
3940 2781490.17
3941 2777100.46
3942 2775724.17
3943 2775723.01
3944 2771322.87
3945 2769945.01
3946 2769943.86
3947 2765533.27
3948 2764153.86
3949 2764152.70
3950 2759731.64
3951 2758350.70
3952 2758349.54
3953 2753918.00
3954 2752535.54
3955 2752534.37
3956 2748092.35
3957 2746708.37
3958 2746707.21
3959 2742254.67
3960 2740869.21
3961 2740868.04
3962 2736404.98
3963 2735018.04
3964 2735016.87
3965 2730543.27
3966 2729154.87
3967 2729153.70
3968 2724669.55
3969 2723279.70
3970 2723278.52
3971 2718783.80
3972 2717392.52
3973 2717391.35
3974 2712886.04
3975 2711493.35
3976 2711492.17
3977 2706976.26
3978 2705582.17
3979 2705580.98
3980 2701054.47
3981 2699658.98
3982 2699657.80
3983 2695120.66
3984 2693723.80
3985 2693722.61
3986 2689174.83
3987 2687776.61
3988 2687775.42
3989 2683216.98
3990 2681817.42
3991 2681816.23
3992 2677247.12
3993 2675846.23
3994 2675845.04
3995 2671265.23
3996 2669863.04
3997 2669861.84
3998 2665271.33
3999 2663867.84
4000 2663866.64
4001 2659265.42
4002 2657860.64
4003 2657859.44
4004 2653247.48
4005 2651841.44
4006 2651840.24
4007 2647217.53
4008 2645810.24
4009 2645809.03
4010 2641175.56
4011 2639767.03
4012 2639765.82
4013 2635121.57
4014 2633711.82
4015 2633710.61
4016 2629055.56
4017 2627644.61
4018 2627643.40
4019 2622977.54
4020 2621565.40
4021 2621564.18
4022 2616887.50
4023 2615474.18
4024 2615472.96
4025 2610785.44
4026 2609370.96
4027 2609369.74
4028 2604671.36
4029 2603255.74
4030 2603254.52
4031 2598545.26
4032 2597128.52
4033 2597127.29
4034 2592407.14
4035 2590989.29
4036 2590988.06
4037 2586257.01
4038 2584838.06
4039 2584836.83
4040 2580094.86
4041 2578674.83
4042 2578673.60
4043 2573920.69
4044 2572499.60
4045 2572498.37
4046 2567734.50
4047 2566312.37
4048 2566311.13
4049 2561536.29
4050 2560113.13
4051 2560111.89
4052 2555326.07
4053 2553901.89
4054 2553900.65
4055 2549103.82
4056 2547678.65
4057 2547677.40
4058 2542869.56
4059 2541443.40
4060 2541442.16
4061 2536623.28
4062 2535196.16
4063 2535194.91
4064 2530364.98
4065 2528936.91
4066 2528935.65
4067 2524094.66
4068 2522665.65
4069 2522664.40
4070 2517812.32
4071 2516382.40
4072 2516381.14
4073 2511517.96
4074 2510087.14
4075 2510085.88
4076 2505211.58
4077 2503779.88
4078 2503778.62
4079 2498893.19
4080 2497460.62
4081 2497459.36
4082 2492562.77
4083 2491129.36
4084 2491128.09
4085 2486220.34
4086 2484786.09
4087 2484784.82
4088 2479865.89
4089 2478430.82
4090 2478429.55
4091 2473499.41
4092 2472063.55
4093 2472062.28
4094 2467120.92
4095 2465684.28
4096 2465683.00
4097 2460730.41
4098 2459293.00
4099 2459291.73
4100 2454327.88
4101 2452889.73
4102 2452888.45
4103 2447913.33
4104 2446474.45
4105 2446473.16
4106 2441486.76
4107 2440047.16
4108 2440045.88
4109 2435048.17
4110 2433607.88
4111 2433606.59
4112 2428597.56
4113 2427156.59
4114 2427155.30
4115 2422134.93
4116 2420693.30
4117 2420692.01
4118 2415660.28
4119 2414218.01
4120 2414216.71
4121 2409173.61
4122 2407730.71
4123 2407729.41
4124 2402674.92
4125 2401231.41
4126 2401230.12
4127 2396164.21
4128 2394720.12
4129 2394718.81
4130 2389641.48
4131 2388196.81
4132 2388195.51
4133 2383106.73
4134 2381661.51
4135 2381660.20
4136 2376559.96
4137 2375114.20
4138 2375112.89
4139 2370001.17
4140 2368554.89
4141 2368553.58
4142 2363430.36
4143 2361983.58
4144 2361982.27
4145 2356847.53
4146 2355400.27
4147 2355398.95
4148 2350252.68
4149 2348804.95
4150 2348803.63
4151 2343645.80
4152 2342197.63
4153 2342196.31
4154 2337026.91
4155 2335578.31
4156 2335576.99
4157 2330395.99
4158 2328946.99
4159 2328945.66
4160 2323753.06
4161 2322303.66
4162 2322302.33
4163 2317098.10
4164 2315648.33
4165 2315647.00
4166 2310431.12
4167 2308981.00
4168 2308979.67
4169 2303752.13
4170 2302301.67
4171 2302300.33
4172 2297061.11
4173 2295610.33
4174 2295608.99
4175 2290358.06
4176 2288906.99
4177 2288905.65
4178 2283643.00
4179 2282191.65
4180 2282190.31
4181 2276915.92
4182 2275464.31
4183 2275462.96
4184 2270176.81
4185 2268724.96
4186 2268723.62
4187 2263425.69
4188 2261973.62
4189 2261972.27
4190 2256662.54
4191 2255210.27
4192 2255208.91
4193 2249887.37
4194 2248434.91
4195 2248433.56
4196 2243100.18
4197 2241647.56
4198 2241646.20
4199 2236300.96
4200 2234848.20
4201 2234846.84
4202 2229489.73
4203 2228036.84
4204 2228035.48
4205 2222666.47
4206 2221213.48
4207 2221212.12
4208 2215831.19
4209 2214378.12
4210 2214376.75
4211 2208983.89
4212 2207530.75
4213 2207529.38
4214 2202124.56
4215 2200671.38
4216 2200670.01
4217 2195253.21
4218 2193800.01
4219 2193798.63
4220 2188369.85
4221 2186916.63
4222 2186915.26
4223 2181474.45
4224 2180021.26
4225 2180019.88
4226 2174567.04
4227 2173113.88
4228 2173112.50
4229 2167647.60
4230 2166194.50
4231 2166193.11
4232 2160716.14
4233 2159263.11
4234 2159261.73
4235 2153772.66
4236 2152319.73
4237 2152318.34
4238 2146817.15
4239 2145364.34
4240 2145362.95
4241 2139849.62
4242 2138396.95
4243 2138395.55
4244 2132870.07
4245 2131417.55
4246 2131416.16
4247 2125878.50
4248 2124426.16
4249 2124424.76
4250 2118874.90
4251 2117422.76
4252 2117421.36
4253 2111859.28
4254 2110407.36
4255 2110405.96
4256 2104831.63
4257 2103379.96
4258 2103378.55
4259 2097791.96
4260 2096340.55
4261 2096339.14
4262 2090740.27
4263 2089289.14
4264 2089287.73
4265 2083676.55
4266 2082225.73
4267 2082224.32
4268 2076600.81
4269 2075150.32
4270 2075148.91
4271 2069513.04
4272 2068062.91
4273 2068061.49
4274 2062413.26
4275 2060963.49
4276 2060962.07
4277 2055301.44
4278 2053852.07
4279 2053850.65
4280 2048177.61
4281 2046728.65
4282 2046727.22
4283 2041041.74
4284 2039593.22
4285 2039591.80
4286 2033893.86
4287 2032445.80
4288 2032444.37
4289 2026733.95
4290 2025286.37
4291 2025284.94
4292 2019562.01
4293 2018114.94
4294 2018113.50
4295 2012378.05
4296 2010931.50
4297 2010930.06
4298 2005182.06
4299 2003736.06
4300 2003734.63
4301 1997974.05
4302 1996528.63
4303 1996527.18
4304 1990754.02
4305 1989309.18
4306 1989307.74
4307 1983521.96
4308 1982077.74
4309 1982076.29
4310 1976277.87
4311 1974834.29
4312 1974832.85
4313 1969021.76
4314 1967578.85
4315 1967577.40
4316 1961753.62
4317 1960311.40
4318 1960309.94
4319 1954473.46
4320 1953031.94
4321 1953030.49
4322 1947181.27
4323 1945740.49
4324 1945739.03
4325 1939877.06
4326 1938437.03
4327 1938435.57
4328 1932560.82
4329 1931121.57
4330 1931120.11
4331 1925232.55
4332 1923794.11
4333 1923792.64
4334 1917892.26
4335 1916454.64
4336 1916453.17
4337 1910539.94
4338 1909103.17
4339 1909101.70
4340 1903175.59
4341 1901739.70
4342 1901738.23
4343 1895799.22
4344 1894364.23
4345 1894362.76
4346 1888410.82
4347 1886976.76
4348 1886975.28
4349 1881010.39
4350 1879577.28
4351 1879575.80
4352 1873597.94
4353 1872165.80
4354 1872164.32
4355 1866173.46
4356 1864742.32
4357 1864740.83
4358 1858736.95
4359 1857306.83
4360 1857305.35
4361 1851288.42
4362 1849859.35
4363 1849857.86
4364 1843827.85
4365 1842399.86
4366 1842398.36
4367 1836355.26
4368 1834928.36
4369 1834926.87
4370 1828870.65
4371 1827444.87
4372 1827443.37
4373 1821374.00
4374 1819949.37
4375 1819947.88
4376 1813865.33
4377 1812441.88
4378 1812440.37
4379 1806344.62
4380 1804922.37
4381 1804920.87
4382 1798811.89
4383 1797390.87
4384 1797389.36
4385 1791267.14
4386 1789847.36
4387 1789845.86
4388 1783710.35
4389 1782291.86
4390 1782290.35
4391 1776141.53
4392 1774724.35
4393 1774722.83
4394 1768560.69
4395 1767144.83
4396 1767143.32
4397 1760967.81
4398 1759553.32
4399 1759551.80
4400 1753362.91
4401 1751949.80
4402 1751948.28
4403 1745745.98
4404 1744334.28
4405 1744332.76
4406 1738117.02
4407 1736706.76
4408 1736705.23
4409 1730476.03
4410 1729067.23
4411 1729065.70
4412 1722823.00
4413 1721415.70
4414 1721414.17
4415 1715157.95
4416 1713752.17
4417 1713750.64
4418 1707480.87
4419 1706076.64
4420 1706075.11
4421 1699791.76
4422 1698389.11
4423 1698387.57
4424 1692090.62
4425 1690689.57
4426 1690688.03
4427 1684377.45
4428 1682978.03
4429 1682976.49
4430 1676652.25
4431 1675254.49
4432 1675252.94
4433 1668915.01
4434 1667518.94
4435 1667517.40
4436 1661165.75
4437 1659771.40
4438 1659769.85
4439 1653404.45
4440 1652011.85
4441 1652010.29
4442 1645631.12
4443 1644240.29
4444 1644238.74
4445 1637845.77
4446 1636456.74
4447 1636455.18
4448 1630048.38
4449 1628661.18
4450 1628659.63
4451 1622238.95
4452 1620853.63
4453 1620852.06
4454 1614417.50
4455 1613034.06
4456 1613032.50
4457 1606584.01
4458 1605202.50
4459 1605200.94
4460 1598738.49
4461 1597358.94
4462 1597357.37
4463 1590880.94
4464 1589503.37
4465 1589501.80
4466 1583011.36
4467 1581635.80
4468 1581634.22
4469 1575129.74
4470 1573756.22
4471 1573754.65
4472 1567236.09
4473 1565864.65
4474 1565863.07
4475 1559330.41
4476 1557961.07
4477 1557959.49
4478 1551412.69
4479 1550045.49
4480 1550043.91
4481 1543482.94
4482 1542117.91
4483 1542116.32
4484 1535541.16
4485 1534178.32
4486 1534176.73
4487 1527587.34
4488 1526226.73
4489 1526225.14
4490 1519621.48
4491 1518263.14
4492 1518261.55
4493 1511643.60
4494 1510287.55
4495 1510285.96
4496 1503653.67
4497 1502299.96
4498 1502298.36
4499 1495651.72
4500 1494300.36
4501 1494298.76
4502 1487637.72
4503 1486288.76
4504 1486287.16
4505 1479611.70
4506 1478265.16
4507 1478263.55
4508 1471573.63
4509 1470229.55
4510 1470227.95
4511 1463523.53
4512 1462181.95
4513 1462180.34
4514 1455461.40
4515 1454122.34
4516 1454120.73
4517 1447387.23
4518 1446050.73
4519 1446049.11
4520 1439301.02
4521 1437967.11
4522 1437965.50
4523 1431202.78
4524 1429871.50
4525 1429869.88
4526 1423092.50
4527 1421763.88
4528 1421762.26
4529 1414970.18
4530 1413644.26
4531 1413642.63
4532 1406835.82
4533 1405512.63
4534 1405511.01
4535 1398689.43
4536 1397369.01
4537 1397367.38
4538 1390531.00
4539 1389213.38
4540 1389211.75
4541 1382360.53
4542 1381045.75
4543 1381044.12
4544 1374178.02
4545 1372866.12
4546 1372864.48
4547 1365983.47
4548 1364674.48
4549 1364672.84
4550 1357776.89
4551 1356470.84
4552 1356469.20
4553 1349558.26
4554 1348255.20
4555 1348253.56
4556 1341327.60
4557 1340027.56
4558 1340025.91
4559 1333084.89
4560 1331787.91
4561 1331786.27
4562 1324830.15
4563 1323536.27
4564 1323534.62
4565 1316563.37
4566 1315272.62
4567 1315270.96
4568 1308284.54
4569 1306996.96
4570 1306995.31
4571 1299993.68
4572 1298709.31
4573 1298707.65
4574 1291690.77
4575 1290409.65
4576 1290407.99
4577 1283375.82
4578 1282097.99
4579 1282096.33
4580 1275048.83
4581 1273774.33
4582 1273772.67
4583 1266709.80
4584 1265438.67
4585 1265437.00
4586 1258358.73
4587 1257091.00
4588 1257089.33
4589 1249995.61
4590 1248731.33
4591 1248729.66
4592 1241620.45
4593 1240359.66
4594 1240357.99
4595 1233233.25
4596 1231975.99
4597 1231974.31
4598 1224834.00
4599 1223580.31
4600 1223578.63
4601 1216422.72
4602 1215172.63
4603 1215170.95
4604 1207999.38
4605 1206752.95
4606 1206751.27
4607 1199564.00
4608 1198321.27
4609 1198319.58
4610 1191116.58
4611 1189877.58
4612 1189875.89
4613 1182657.11
4614 1181421.89
4615 1181420.20
4616 1174185.60
4617 1172954.20
4618 1172952.51
4619 1165702.03
4620 1164474.51
4621 1164472.81
4622 1157206.43
4623 1155982.81
4624 1155981.12
4625 1148698.77
4626 1147479.12
4627 1147477.41
4628 1140179.07
4629 1138963.41
4630 1138961.71
4631 1131647.33
4632 1130435.71
4633 1130434.01
4634 1123103.53
4635 1121896.01
4636 1121894.30
4637 1114547.69
4638 1113344.30
4639 1113342.59
4640 1105979.79
4641 1104780.59
4642 1104778.88
4643 1097399.85
4644 1096204.88
4645 1096203.16
4646 1088807.86
4647 1087617.16
4648 1087615.45
4649 1080203.82
4650 1079017.45
4651 1079015.73
4652 1071587.73
4653 1070405.73
4654 1070404.00
4655 1062959.58
4656 1061782.00
4657 1061780.28
4658 1054319.39
4659 1053146.28
4660 1053144.55
4661 1045667.14
4662 1044498.55
4663 1044496.82
4664 1037002.85
4665 1035838.82
4666 1035837.09
4667 1028326.50
4668 1027167.09
4669 1027165.36
4670 1019638.09
4671 1018483.36
4672 1018481.62
4673 1010937.64
4674 1009787.62
4675 1009785.88
4676 1002225.12
4677 1001079.88
4678 1001078.14
4679 993500.56
4680 992360.14
4681 992358.40
4682 984763.94
4683 983628.40
4684 983626.65
4685 976015.26
4686 974884.65
4687 974882.91
4688 967254.53
4689 966128.91
4690 966127.16
4691 958481.74
4692 957361.16
4693 957359.40
4694 949696.89
4695 948581.40
4696 948579.65
4697 940899.99
4698 939789.65
4699 939787.89
4700 932091.02
4701 930985.89
4702 930984.13
4703 923270.00
4704 922170.13
4705 922168.37
4706 914436.92
4707 913342.37
4708 913340.60
4709 905591.78
4710 904502.60
4711 904500.83
4712 896734.58
4713 895650.83
4714 895649.06
4715 887865.31
4716 886787.06
4717 886785.29
4718 878983.99
4719 877911.29
4720 877909.52
4721 870090.60
4722 869023.52
4723 869021.74
4724 861185.14
4725 860123.74
4726 860121.96
4727 852267.63
4728 851211.96
4729 851210.18
4730 843338.04
4731 842288.18
4732 842286.40
4733 834396.40
4734 833352.40
4735 833350.61
4736 825442.68
4737 824404.61
4738 824402.82
4739 816476.90
4740 815444.82
4741 815443.03
4742 807499.05
4743 806473.03
4744 806471.24
4745 798509.13
4746 797489.24
4747 797487.44
4748 789507.15
4749 788493.44
4750 788491.64
4751 780493.09
4752 779485.64
4753 779483.84
4754 771466.96
4755 770465.84
4756 770464.04
4757 762428.76
4758 761434.04
4759 761432.23
4760 753378.48
4761 752390.23
4762 752388.42
4763 744316.13
4764 743334.42
4765 743332.61
4766 735241.71
4767 734266.61
4768 734264.80
4769 726155.21
4770 725186.80
4771 725184.98
4772 717056.63
4773 716094.98
4774 716093.17
4775 707945.98
4776 706991.17
4777 706989.35
4778 698823.25
4779 697875.35
4780 697873.52
4781 689688.43
4782 688747.52
4783 688745.70
4784 680541.54
4785 679607.70
4786 679605.87
4787 671382.56
4788 670455.87
4789 670454.04
4790 662211.50
4791 661292.04
4792 661290.21
4793 653028.36
4794 652116.21
4795 652114.37
4796 643833.13
4797 642928.37
4798 642926.54
4799 634625.81
4800 633728.54
4801 633726.70
4802 625406.40
4803 624516.70
4804 624514.86
4805 616174.90
4806 615292.86
4807 615291.01
4808 606931.32
4809 606057.01
4810 606055.17
4811 597675.64
4812 596809.17
4813 596807.32
4814 588407.86
4815 587549.32
4816 587547.47
4817 579127.99
4818 578277.47
4819 578275.61
4820 569836.02
4821 568993.61
4822 568991.76
4823 560531.96
4824 559697.76
4825 559695.90
4826 551215.79
4827 550389.90
4828 550388.04
4829 541887.52
4830 541070.04
4831 541068.17
4832 532547.15
4833 531738.17
4834 531736.31
4835 523194.67
4836 522394.31
4837 522392.44
4838 513830.08
4839 513038.44
4840 513036.57
4841 504453.38
4842 503670.57
4843 503668.70
4844 495064.57
4845 494290.70
4846 494288.82
4847 485663.65
4848 484898.82
4849 484896.94
4850 476250.61
4851 475494.94
4852 475493.06
4853 466825.45
4854 466079.06
4855 466077.18
4856 457388.17
4857 456651.18
4858 456649.29
4859 447938.76
4860 447211.29
4861 447209.41
4862 438477.23
4863 437759.41
4864 437757.52
4865 429003.57
4866 428295.52
4867 428293.63
4868 419517.78
4869 418819.63
4870 418817.73
4871 410019.85
4872 409331.73
4873 409329.83
4874 400509.78
4875 399831.83
4876 399829.94
4877 390987.57
4878 390319.94
4879 390318.03
4880 381453.22
4881 380796.03
4882 380794.13
4883 371906.72
4884 371260.13
4885 371258.22
4886 362348.06
4887 361712.22
4888 361710.31
4889 352777.25
4890 352152.31
4891 352150.40
4892 343194.28
4893 342580.40
4894 342578.49
4895 333599.14
4896 332996.49
4897 332994.57
4898 323991.83
4899 323400.57
4900 323398.65
4901 314372.34
4902 313792.65
4903 313790.73
4904 304740.68
4905 304172.73
4906 304170.81
4907 295096.83
4908 294540.81
4909 294538.88
4910 285440.78
4911 284896.88
4912 284894.96
4913 275772.54
4914 275240.96
4915 275239.03
4916 266092.09
4917 265573.03
4918 265571.09
4919 256399.43
4920 255893.09
4921 255891.16
4922 246694.55
4923 246201.16
4924 246199.22
4925 236977.43
4926 236497.22
4927 236495.28
4928 227248.08
4929 226781.28
4930 226779.34
4931 217506.48
4932 217053.34
4933 217051.39
4934 207752.62
4935 207313.39
4936 207311.45
4937 197986.49
4938 197561.45
4939 197559.50
4940 188208.08
4941 187797.50
4942 187795.54
4943 178417.36
4944 178021.54
4945 178019.59
4946 168614.33
4947 168233.59
4948 168231.63
4949 158798.97
4950 158433.63
4951 158431.67
4952 148971.26
4953 148621.67
4954 148619.71
4955 139131.17
4956 138797.71
4957 138795.75
4958 129278.68
4959 128961.75
4960 128959.78
4961 119413.77
4962 119113.78
4963 119111.81
4964 109536.39
4965 109253.81
4966 109251.84
4967 99646.52
4968 99381.84
4969 99379.87
4970 89744.11
4971 89497.87
4972 89495.89
4973 79829.09
4974 79601.89
4975 79599.91
4976 69901.41
4977 69693.91
4978 69691.93
4979 59960.98
4980 59773.93
4981 59771.95
4982 50007.69
4983 49841.95
4984 49839.96
4985 40041.41
4986 39897.96
4987 39895.98
4988 30061.92
4989 29941.98
4990 29939.99
4991 20068.94
4992 19973.99
4993 19971.99
4994 10061.96
4995 9993.99
4996 9992.00
4997 39.98
4998 2.00
4999 0.00
Execution time: 628.774 ms
